<html>
<body>
<pre>
<h1>礦ision Build Log</h1>
<h2>Tool Versions:</h2>
IDE-Version: μVision V5.25.2.0
Copyright (C) 2018 ARM Ltd and ARM Germany GmbH. All rights reserved.
License Information: 1 xu, 1, LIC=NHYKP-MU5S4-RFNIZ-J3AVP-32TWX-FDLUQ
 
Tool Versions:
Toolchain:       MDK-ARM Professional  Version: 5.25.2.0
Toolchain Path:  D:\Keil_v5\ARM\ARMCC\Bin
C Compiler:      Armcc.exe V5.06 update 6 (build 750)
Assembler:       Armasm.exe V5.06 update 6 (build 750)
Linker/Locator:  ArmLink.exe V5.06 update 6 (build 750)
Library Manager: ArmAr.exe V5.06 update 6 (build 750)
Hex Converter:   FromElf.exe V5.06 update 6 (build 750)
CPU DLL:         SARMCM3.DLL V5.25.2.0
Dialog DLL:      DCM.DLL V1.17.1.0
Target DLL:      Segger\JL2CM3.dll V2.99.29.0
Dialog DLL:      TCM.DLL V1.35.1.0
 
<h2>Project:</h2>
G:\123\STM32\esp8266串口透传\安卓智能家居（仿）\仿师兄（无视频）\USER\Template.uvprojx
Project File Date:  05/18/2018

<h2>Output:</h2>
*** Using Compiler 'V5.06 update 6 (build 750)', folder: 'D:\Keil_v5\ARM\ARMCC\Bin'
Build target 'Target 1'
compiling system_stm32f10x.c...
compiling USART2.c...
compiling stm32f10x_it.c...
stm32f10x_it.c(83): warning:  #223-D: function "TimingDelay_Decrement" declared implicitly
  	TimingDelay_Decrement();
stm32f10x_it.c(95): warning:  #177-D: variable "num"  was declared but never referenced
  	uint16_t num=0;
stm32f10x_it.c: 2 warnings, 0 errors
compiling function.c...
compiling LED.c...
compiling adc.c...
compiling GENERAL.c...
compiling main.c...
main.c(110): warning:  #2548-D: multicharacter character literal (potential portability problem)
  	USART_SendData(USART2,'2Q');
main.c(89): warning:  #177-D: variable "cStr"  was declared but never referenced
  	char sStr [ 100 ] = { 0 },cStr [ 100 ] = { 0 };
main.c: 2 warnings, 0 errors
compiling hwjs.c...
compiling SysTick.c...
compiling beep.c...
compiling bsp_i2c_ee.c...
compiling bsp_i2c_gpio.c...
compiling DHT11.c...
DHT11.c(131): warning:  #1-D: last line of file ends without a newline
  }
DHT11.c: 1 warning, 0 errors
compiling Servo.c...
Servo.c(69): warning:  #223-D: function "TIM4_PWM_Init" declared implicitly
  	TIM4_PWM_Init();  //TIME4初始化
Servo.c: 1 warning, 0 errors
compiling Timer.c...
assembling startup_stm32f10x_hd.s...
compiling core_cm3.c...
compiling misc.c...
compiling stm32f10x_adc.c...
compiling stm32f10x_bkp.c...
compiling stm32f10x_can.c...
compiling stm32f10x_cec.c...
compiling stm32f10x_crc.c...
compiling stm32f10x_dac.c...
compiling stm32f10x_dbgmcu.c...
compiling stm32f10x_dma.c...
compiling stm32f10x_exti.c...
compiling stm32f10x_flash.c...
compiling stm32f10x_fsmc.c...
compiling stm32f10x_gpio.c...
compiling stm32f10x_i2c.c...
compiling stm32f10x_iwdg.c...
compiling stm32f10x_pwr.c...
compiling stm32f10x_rcc.c...
compiling stm32f10x_rtc.c...
compiling stm32f10x_sdio.c...
compiling stm32f10x_spi.c...
compiling stm32f10x_tim.c...
compiling stm32f10x_usart.c...
compiling stm32f10x_wwdg.c...
compiling usart.c...
..\SYSTEM\usart\usart.c(52): warning:  #940-D: missing return statement at end of non-void function "_sys_exit" 
  }
..\SYSTEM\usart\usart.c: 1 warning, 0 errors
compiling delay.c...
compiling sys.c...
linking...
Program Size: Code=15828 RO-data=336 RW-data=360 ZI-data=3832  
FromELF: creating hex file...
"..\OBJ\Template.axf" - 0 Error(s), 7 Warning(s).

<h2>Software Packages used:</h2>

Package Vendor: Keil
                http://www.keil.com/pack/Keil.STM32F1xx_DFP.2.2.0.pack
                Keil.STM32F1xx_DFP.2.2.0
                STMicroelectronics STM32F1 Series Device Support, Drivers and Examples

<h2>Collection of Component include folders:</h2>
  .\RTE\_Target_1
  D:\Keil_v5\ARM\PACK\Keil\STM32F1xx_DFP\2.2.0\Device\Include

<h2>Collection of Component Files used:</h2>
Build Time Elapsed:  00:00:21
</pre>
</body>
</html>
