Component: ARM Compiler 5.06 update 6 (build 750) Tool: armlink [4d35ed]

==============================================================================

Section Cross References

    stm32f10x_it.o(.text) refers to systick.o(.text) for TimingDelay_Decrement
    stm32f10x_it.o(.text) refers to stm32f10x_usart.o(.text) for USART_GetITStatus
    stm32f10x_it.o(.text) refers to stm32f10x_gpio.o(.text) for GPIO_ReadInputDataBit
    stm32f10x_it.o(.text) refers to hwjs.o(.text) for HW_jssj
    stm32f10x_it.o(.text) refers to stm32f10x_exti.o(.text) for EXTI_ClearITPendingBit
    stm32f10x_it.o(.text) refers to stm32f10x_it.o(.data) for USART_RX_STA1
    stm32f10x_it.o(.text) refers to stm32f10x_it.o(.bss) for USART_RX_BUF
    stm32f10x_it.o(.text) refers to hwjs.o(.data) for hw_jsm
    system_stm32f10x.o(.text) refers to system_stm32f10x.o(.data) for SystemCoreClock
    usart2.o(.text) refers to misc.o(.text) for NVIC_PriorityGroupConfig
    usart2.o(.text) refers to stm32f10x_rcc.o(.text) for RCC_APB1PeriphClockCmd
    usart2.o(.text) refers to stm32f10x_gpio.o(.text) for GPIO_Init
    usart2.o(.text) refers to stm32f10x_usart.o(.text) for USART_Init
    function.o(.text) refers to fleqf.o(x$fpl$fleqf) for __aeabi_cfcmple
    function.o(.text) refers to f2d.o(x$fpl$f2d) for __aeabi_f2d
    function.o(.text) refers to drleqf.o(x$fpl$drleqf) for __aeabi_cdrcmple
    main.o(.text) refers to _printf_percent.o(.ARM.Collect$$_printf_percent$$00000000) for _printf_percent
    main.o(.text) refers to _printf_d.o(.ARM.Collect$$_printf_percent$$00000009) for _printf_d
    main.o(.text) refers to _printf_dec.o(.text) for _printf_int_dec
    main.o(.text) refers to _printf_s.o(.ARM.Collect$$_printf_percent$$00000014) for _printf_s
    main.o(.text) refers to _printf_str.o(.text) for _printf_str
    main.o(.text) refers to function.o(.text) for AutoControlWindow
    main.o(.text) refers to beep.o(.text) for sound1
    main.o(.text) refers to rt_memclr_w.o(.text) for __aeabi_memclr4
    main.o(.text) refers to system_stm32f10x.o(.text) for SystemInit
    main.o(.text) refers to systick.o(.text) for SysTick_Configuration
    main.o(.text) refers to led.o(.text) for LED_Init
    main.o(.text) refers to delay.o(.text) for delay_init
    main.o(.text) refers to sys.o(.text) for NVIC_Configuration
    main.o(.text) refers to usart.o(.text) for uart_init
    main.o(.text) refers to usart2.o(.text) for USART2_Config
    main.o(.text) refers to adc.o(.text) for Adc_Init
    main.o(.text) refers to general.o(.text) for GENERAL_TIM_Init
    main.o(.text) refers to hwjs.o(.text) for hwjs_init
    main.o(.text) refers to servo.o(.text) for Init_Steer
    main.o(.text) refers to noretval__2printf.o(.text) for __2printf
    main.o(.text) refers to stm32f10x_usart.o(.text) for USART_SendData
    main.o(.text) refers to fflt_clz.o(x$fpl$ffltu) for __aeabi_ui2f
    main.o(.text) refers to f2d.o(x$fpl$f2d) for __aeabi_f2d
    main.o(.text) refers to dmul.o(x$fpl$dmul) for __aeabi_dmul
    main.o(.text) refers to d2f.o(x$fpl$d2f) for __aeabi_d2f
    main.o(.text) refers to dht11.o(.text) for DHT11Read
    main.o(.text) refers to noretval__2sprintf.o(.text) for __2sprintf
    main.o(.text) refers to main.o(.data) for window_sta
    main.o(.text) refers to stm32f10x_it.o(.bss) for USART_RX_BUF
    led.o(.text) refers to stm32f10x_rcc.o(.text) for RCC_APB2PeriphClockCmd
    led.o(.text) refers to stm32f10x_gpio.o(.text) for GPIO_Init
    adc.o(.text) refers to stm32f10x_rcc.o(.text) for RCC_APB2PeriphClockCmd
    adc.o(.text) refers to stm32f10x_gpio.o(.text) for GPIO_Init
    adc.o(.text) refers to stm32f10x_adc.o(.text) for ADC_DeInit
    adc.o(.text) refers to delay.o(.text) for delay_ms
    adc.o(.text) refers to fflt_clz.o(x$fpl$ffltu) for __aeabi_ui2f
    adc.o(.text) refers to f2d.o(x$fpl$f2d) for __aeabi_f2d
    adc.o(.text) refers to dmul.o(x$fpl$dmul) for __aeabi_dmul
    adc.o(.text) refers to d2f.o(x$fpl$d2f) for __aeabi_d2f
    adc.o(.text) refers to stm32f10x_usart.o(.text) for USART_SendData
    adc.o(.text) refers to ffixu.o(x$fpl$ffixu) for __aeabi_f2uiz
    general.o(.text) refers to stm32f10x_rcc.o(.text) for RCC_APB2PeriphClockCmd
    general.o(.text) refers to stm32f10x_gpio.o(.text) for GPIO_Init
    general.o(.text) refers to stm32f10x_tim.o(.text) for TIM_TimeBaseInit
    hwjs.o(.text) refers to stm32f10x_rcc.o(.text) for RCC_APB2PeriphClockCmd
    hwjs.o(.text) refers to stm32f10x_gpio.o(.text) for GPIO_Init
    hwjs.o(.text) refers to stm32f10x_exti.o(.text) for EXTI_ClearITPendingBit
    hwjs.o(.text) refers to misc.o(.text) for NVIC_PriorityGroupConfig
    hwjs.o(.text) refers to delay.o(.text) for delay_us
    beep.o(.text) refers to system_stm32f10x.o(.text) for SystemInit
    beep.o(.text) refers to stm32f10x_rcc.o(.text) for RCC_APB2PeriphClockCmd
    beep.o(.text) refers to stm32f10x_gpio.o(.text) for GPIO_Init
    systick.o(.text) refers to system_stm32f10x.o(.data) for SystemCoreClock
[...]
    ../fplib/usenofp.s                       0x00000000   Number         0  usenofp.o ABSOLUTE
    ..\CORE\core_cm3.c                       0x00000000   Number         0  core_cm3.o ABSOLUTE
    ..\CORE\startup_stm32f10x_hd.s           0x00000000   Number         0  startup_stm32f10x_hd.o ABSOLUTE
    ..\STM32F10x_FWLib\src\misc.c            0x00000000   Number         0  misc.o ABSOLUTE
    ..\STM32F10x_FWLib\src\stm32f10x_adc.c   0x00000000   Number         0  stm32f10x_adc.o ABSOLUTE
    ..\STM32F10x_FWLib\src\stm32f10x_bkp.c   0x00000000   Number         0  stm32f10x_bkp.o ABSOLUTE
    ..\STM32F10x_FWLib\src\stm32f10x_can.c   0x00000000   Number         0  stm32f10x_can.o ABSOLUTE
    ..\STM32F10x_FWLib\src\stm32f10x_cec.c   0x00000000   Number         0  stm32f10x_cec.o ABSOLUTE
    ..\STM32F10x_FWLib\src\stm32f10x_crc.c   0x00000000   Number         0  stm32f10x_crc.o ABSOLUTE
    ..\STM32F10x_FWLib\src\stm32f10x_dac.c   0x00000000   Number         0  stm32f10x_dac.o ABSOLUTE
    ..\STM32F10x_FWLib\src\stm32f10x_dbgmcu.c 0x00000000   Number         0  stm32f10x_dbgmcu.o ABSOLUTE
    ..\STM32F10x_FWLib\src\stm32f10x_dma.c   0x00000000   Number         0  stm32f10x_dma.o ABSOLUTE
    ..\STM32F10x_FWLib\src\stm32f10x_exti.c  0x00000000   Number         0  stm32f10x_exti.o ABSOLUTE
    ..\STM32F10x_FWLib\src\stm32f10x_flash.c 0x00000000   Number         0  stm32f10x_flash.o ABSOLUTE
    ..\STM32F10x_FWLib\src\stm32f10x_fsmc.c  0x00000000   Number         0  stm32f10x_fsmc.o ABSOLUTE
    ..\STM32F10x_FWLib\src\stm32f10x_gpio.c  0x00000000   Number         0  stm32f10x_gpio.o ABSOLUTE
    ..\STM32F10x_FWLib\src\stm32f10x_i2c.c   0x00000000   Number         0  stm32f10x_i2c.o ABSOLUTE
    ..\STM32F10x_FWLib\src\stm32f10x_iwdg.c  0x00000000   Number         0  stm32f10x_iwdg.o ABSOLUTE
    ..\STM32F10x_FWLib\src\stm32f10x_pwr.c   0x00000000   Number         0  stm32f10x_pwr.o ABSOLUTE
    ..\STM32F10x_FWLib\src\stm32f10x_rcc.c   0x00000000   Number         0  stm32f10x_rcc.o ABSOLUTE
    ..\STM32F10x_FWLib\src\stm32f10x_rtc.c   0x00000000   Number         0  stm32f10x_rtc.o ABSOLUTE
    ..\STM32F10x_FWLib\src\stm32f10x_sdio.c  0x00000000   Number         0  stm32f10x_sdio.o ABSOLUTE
    ..\STM32F10x_FWLib\src\stm32f10x_spi.c   0x00000000   Number         0  stm32f10x_spi.o ABSOLUTE
    ..\STM32F10x_FWLib\src\stm32f10x_tim.c   0x00000000   Number         0  stm32f10x_tim.o ABSOLUTE
    ..\STM32F10x_FWLib\src\stm32f10x_usart.c 0x00000000   Number         0  stm32f10x_usart.o ABSOLUTE
    ..\STM32F10x_FWLib\src\stm32f10x_wwdg.c  0x00000000   Number         0  stm32f10x_wwdg.o ABSOLUTE
    ..\SYSTEM\delay\delay.c                  0x00000000   Number         0  delay.o ABSOLUTE
    ..\SYSTEM\sys\sys.c                      0x00000000   Number         0  sys.o ABSOLUTE
    ..\SYSTEM\usart\usart.c                  0x00000000   Number         0  usart.o ABSOLUTE
    ..\\CORE\\core_cm3.c                     0x00000000   Number         0  core_cm3.o ABSOLUTE
    DHT11.c                                  0x00000000   Number         0  dht11.o ABSOLUTE
    GENERAL.c                                0x00000000   Number         0  general.o ABSOLUTE
    LED.c                                    0x00000000   Number         0  led.o ABSOLUTE
    Servo.c                                  0x00000000   Number         0  servo.o ABSOLUTE
    SysTick.c                                0x00000000   Number         0  systick.o ABSOLUTE
    Timer.c                                  0x00000000   Number         0  timer.o ABSOLUTE
    USART2.c                                 0x00000000   Number         0  usart2.o ABSOLUTE
    adc.c                                    0x00000000   Number         0  adc.o ABSOLUTE
    beep.c                                   0x00000000   Number         0  beep.o ABSOLUTE
    bsp_i2c_ee.c                             0x00000000   Number         0  bsp_i2c_ee.o ABSOLUTE
    bsp_i2c_gpio.c                           0x00000000   Number         0  bsp_i2c_gpio.o ABSOLUTE
    dc.s                                     0x00000000   Number         0  dc.o ABSOLUTE
    function.c                               0x00000000   Number         0  function.o ABSOLUTE
    hwjs.c                                   0x00000000   Number         0  hwjs.o ABSOLUTE
    main.c                                   0x00000000   Number         0  main.o ABSOLUTE
    stm32f10x_it.c                           0x00000000   Number         0  stm32f10x_it.o ABSOLUTE
    system_stm32f10x.c                       0x00000000   Number         0  system_stm32f10x.o ABSOLUTE
    RESET                                    0x08000000   Section      304  startup_stm32f10x_hd.o(RESET)
    !!!main                                  0x08000130   Section        8  __main.o(!!!main)
    !!!scatter                               0x08000138   Section       52  __scatter.o(!!!scatter)
    !!dczerorl2                              0x0800016c   Section       90  __dczerorl2.o(!!dczerorl2)
    !!handler_zi                             0x080001c8   Section       28  __scatter_zi.o(!!handler_zi)
    .ARM.Collect$$_printf_percent$$00000000  0x080001e4   Section        0  _printf_percent.o(.ARM.Collect$$_printf_percent$$00000000)
    .ARM.Collect$$_printf_percent$$00000009  0x080001e4   Section        6  _printf_d.o(.ARM.Collect$$_printf_percent$$00000009)
    .ARM.Collect$$_printf_percent$$00000014  0x080001ea   Section        6  _printf_s.o(.ARM.Collect$$_printf_percent$$00000014)
    .ARM.Collect$$_printf_percent$$00000017  0x080001f0   Section        4  _printf_percent_end.o(.ARM.Collect$$_printf_percent$$00000017)
    .ARM.Collect$$libinit$$00000000          0x080001f4   Section        2  libinit.o(.ARM.Collect$$libinit$$00000000)
    .ARM.Collect$$libinit$$00000002          0x080001f6   Section        0  libinit2.o(.ARM.Collect$$libinit$$00000002)
    .ARM.Collect$$libinit$$00000004          0x080001f6   Section        0  libinit2.o(.ARM.Collect$$libinit$$00000004)
    .ARM.Collect$$libinit$$0000000A          0x080001f6   Section        0  libinit2.o(.ARM.Collect$$libinit$$0000000A)
    .ARM.Collect$$libinit$$0000000C          0x080001f6   Section        0  libinit2.o(.ARM.Collect$$libinit$$0000000C)
    .ARM.Collect$$libinit$$0000000E          0x080001f6   Section        0  libinit2.o(.ARM.Collect$$libinit$$0000000E)
    .ARM.Collect$$libinit$$00000011          0x080001f6   Section        0  libinit2.o(.ARM.Collect$$libinit$$00000011)
    .ARM.Collect$$libinit$$00000013          0x080001f6   Section        0  libinit2.o(.ARM.Collect$$libinit$$00000013)
    .ARM.Collect$$libinit$$00000015          0x080001f6   Section        0  libinit2.o(.ARM.Collect$$libinit$$00000015)
    .ARM.Collect$$libinit$$00000017          0x080001f6   Section        0  libinit2.o(.ARM.Collect$$libinit$$00000017)
    .ARM.Collect$$libinit$$00000019          0x080001f6   Section        0  libinit2.o(.ARM.Collect$$libinit$$00000019)
    .ARM.Collect$$libinit$$0000001B          0x080001f6   Section        0  libinit2.o(.ARM.Collect$$libinit$$0000001B)
    .ARM.Collect$$libinit$$0000001D          0x080001f6   Section        0  libinit2.o(.ARM.Collect$$libinit$$0000001D)
    .ARM.Collect$$libinit$$0000001F          0x080001f6   Section        0  libinit2.o(.ARM.Collect$$libinit$$0000001F)
    .ARM.Collect$$libinit$$00000021          0x080001f6   Section        0  libinit2.o(.ARM.Collect$$libinit$$00000021)
    .ARM.Collect$$libinit$$00000023          0x080001f6   Section        0  libinit2.o(.ARM.Collect$$libinit$$00000023)
    .ARM.Collect$$libinit$$00000025          0x080001f6   Section        0  libinit2.o(.ARM.Collect$$libinit$$00000025)
    .ARM.Collect$$libinit$$0000002C          0x080001f6   Section        0  libinit2.o(.ARM.Collect$$libinit$$0000002C)
    .ARM.Collect$$libinit$$0000002E          0x080001f6   Section        0  libinit2.o(.ARM.Collect$$libinit$$0000002E)
    .ARM.Collect$$libinit$$00000030          0x080001f6   Section        0  libinit2.o(.ARM.Collect$$libinit$$00000030)
    .ARM.Collect$$libinit$$00000032          0x080001f6   Section        0  libinit2.o(.ARM.Collect$$libinit$$00000032)
    .ARM.Collect$$libinit$$00000033          0x080001f6   Section        2  libinit2.o(.ARM.Collect$$libinit$$00000033)
    .ARM.Collect$$libshutdown$$00000000      0x080001f8   Section        2  libshutdown.o(.ARM.Collect$$libshutdown$$00000000)
    .ARM.Collect$$libshutdown$$00000002      0x080001fa   Section        0  libshutdown2.o(.ARM.Collect$$libshutdown$$00000002)
    .ARM.Collect$$libshutdown$$00000004      0x080001fa   Section        0  libshutdown2.o(.ARM.Collect$$libshutdown$$00000004)
    .ARM.Collect$$libshutdown$$00000007      0x080001fa   Section        0  libshutdown2.o(.ARM.Collect$$libshutdown$$00000007)
    .ARM.Collect$$libshutdown$$0000000A      0x080001fa   Section        0  libshutdown2.o(.ARM.Collect$$libshutdown$$0000000A)
    .ARM.Collect$$libshutdown$$0000000C      0x080001fa   Section        0  libshutdown2.o(.ARM.Collect$$libshutdown$$0000000C)
    .ARM.Collect$$libshutdown$$0000000F      0x080001fa   Section        0  libshutdown2.o(.ARM.Collect$$libshutdown$$0000000F)
    .ARM.Collect$$libshutdown$$00000010      0x080001fa   Section        2  libshutdown2.o(.ARM.Collect$$libshutdown$$00000010)
    .ARM.Collect$$rtentry$$00000000          0x080001fc   Section        0  __rtentry.o(.ARM.Collect$$rtentry$$00000000)
    .ARM.Collect$$rtentry$$00000002          0x080001fc   Section        0  __rtentry2.o(.ARM.Collect$$rtentry$$00000002)
    .ARM.Collect$$rtentry$$00000004          0x080001fc   Section        6  __rtentry4.o(.ARM.Collect$$rtentry$$00000004)
    .ARM.Collect$$rtentry$$00000009          0x08000202   Section        0  __rtentry2.o(.ARM.Collect$$rtentry$$00000009)
    .ARM.Collect$$rtentry$$0000000A          0x08000202   Section        4  __rtentry2.o(.ARM.Collect$$rtentry$$0000000A)
    .ARM.Collect$$rtentry$$0000000C          0x08000206   Section        0  __rtentry2.o(.ARM.Collect$$rtentry$$0000000C)
    .ARM.Collect$$rtentry$$0000000D          0x08000206   Section        8  __rtentry2.o(.ARM.Collect$$rtentry$$0000000D)
    .ARM.Collect$$rtexit$$00000000           0x0800020e   Section        2  rtexit.o(.ARM.Collect$$rtexit$$00000000)
    .ARM.Collect$$rtexit$$00000002           0x08000210   Section        0  rtexit2.o(.ARM.Collect$$rtexit$$00000002)
    .ARM.Collect$$rtexit$$00000003           0x08000210   Section        4  rtexit2.o(.ARM.Collect$$rtexit$$00000003)
    .ARM.Collect$$rtexit$$00000004           0x08000214   Section        6  rtexit2.o(.ARM.Collect$$rtexit$$00000004)
    .text                                    0x0800021c   Section        0  stm32f10x_it.o(.text)
    .text                                    0x0800039c   Section        0  system_stm32f10x.o(.text)
    SetSysClockTo72                          0x0800039d   Thumb Code   214  system_stm32f10x.o(.text)
    SetSysClock                              0x08000473   Thumb Code     8  system_stm32f10x.o(.text)
    .text                                    0x0800057c   Section        0  usart2.o(.text)
    .text                                    0x08000708   Section        0  function.o(.text)
    .text                                    0x0800076c   Section        0  main.o(.text)
    .text                                    0x080009c0   Section        0  led.o(.text)
    .text                                    0x080009f8   Section        0  adc.o(.text)
    .text                                    0x08000b6c   Section        0  general.o(.text)
    GENERAL_TIM_GPIO_Config                  0x08000b6d   Thumb Code   140  general.o(.text)
    GENERAL_TIM_Mode_Config                  0x08000bf9   Thumb Code   174  general.o(.text)
    .text                                    0x08000ce0   Section        0  hwjs.o(.text)
    .text                                    0x08000d84   Section        0  beep.o(.text)
    .text                                    0x08000e20   Section        0  systick.o(.text)
    NVIC_SetPriority                         0x08000e21   Thumb Code    32  systick.o(.text)
    SysTick_Config                           0x08000e41   Thumb Code    52  systick.o(.text)
    .text                                    0x08000f1c   Section        0  bsp_i2c_ee.o(.text)
    .text                                    0x08001024   Section        0  bsp_i2c_gpio.o(.text)
    i2c_Delay                                0x08001025   Thumb Code    14  bsp_i2c_gpio.o(.text)
    i2c_CfgGpio                              0x080011dd   Thumb Code    44  bsp_i2c_gpio.o(.text)
    .text                                    0x0800122c   Section        0  dht11.o(.text)
    Input_GPIO_Config                        0x0800122d   Thumb Code    40  dht11.o(.text)
    Output_GPIO_Config                       0x08001255   Thumb Code    38  dht11.o(.text)
    DHT11WriteStart                          0x0800127b   Thumb Code    42  dht11.o(.text)
    Byte_Receive                             0x080012a5   Thumb Code    86  dht11.o(.text)
    .text                                    0x08001394   Section        0  servo.o(.text)
    .text                                    0x0800146c   Section        0  timer.o(.text)
    TIM4_GPIO_Config                         0x0800146d   Thumb Code    48  timer.o(.text)
    TIM4_Mode_Config                         0x0800149d   Thumb Code   114  timer.o(.text)
    .text                                    0x08001524   Section       64  startup_stm32f10x_hd.o(.text)
    .text                                    0x08001564   Section        0  misc.o(.text)
    .text                                    0x08001640   Section        0  stm32f10x_adc.o(.text)
    .text                                    0x08001a90   Section        0  stm32f10x_exti.o(.text)
    .text                                    0x08001bac   Section        0  stm32f10x_gpio.o(.text)
    .text                                    0x08001f08   Section        0  stm32f10x_rcc.o(.text)
    .text                                    0x080022ac   Section        0  stm32f10x_tim.o(.text)
    TI4_Config                               0x08002753   Thumb Code   130  stm32f10x_tim.o(.text)
    TI3_Config                               0x080027e7   Thumb Code   122  stm32f10x_tim.o(.text)
    TI2_Config                               0x0800287b   Thumb Code   130  stm32f10x_tim.o(.text)
    TI1_Config                               0x0800290f   Thumb Code   108  stm32f10x_tim.o(.text)
    .text                                    0x080030c8   Section        0  stm32f10x_usart.o(.text)
    .text                                    0x080034d0   Section        0  usart.o(.text)
    .text                                    0x08003578   Section        0  sys.o(.text)
    .text                                    0x08003584   Section        0  delay.o(.text)
    .text                                    0x08003658   Section        2  use_no_semi_2.o(.text)
    .text                                    0x0800365c   Section        0  noretval__2printf.o(.text)
    .text                                    0x08003674   Section        0  noretval__2sprintf.o(.text)
    .text                                    0x0800369c   Section        0  __printf.o(.text)
    .text                                    0x08003704   Section        0  _printf_str.o(.text)
    .text                                    0x08003758   Section        0  _printf_dec.o(.text)
    .text                                    0x080037d0   Section       78  rt_memclr_w.o(.text)
    .text                                    0x0800381e   Section        0  heapauxi.o(.text)
    .text                                    0x08003824   Section        2  use_no_semi.o(.text)
    .text                                    0x08003826   Section        0  _printf_intcommon.o(.text)
    .text                                    0x080038d8   Section        0  _printf_char_common.o(.text)
    _printf_input_char                       0x080038d9   Thumb Code    10  _printf_char_common.o(.text)
    .text                                    0x08003908   Section        0  _sputc.o(.text)
    .text                                    0x08003912   Section        0  _printf_char.o(.text)
    .text                                    0x08003940   Section        0  _printf_char_file.o(.text)
    .text                                    0x08003964   Section        0  ferror.o(.text)
    .text                                    0x0800396c   Section       74  sys_stackheap_outer.o(.text)
    .text                                    0x080039b6   Section        0  exit.o(.text)
    .text                                    0x080039c8   Section        8  libspace.o(.text)
    x$fpl$d2f                                0x080039d0   Section       98  d2f.o(x$fpl$d2f)
    x$fpl$dcmpinf                            0x08003a32   Section       24  dcmpi.o(x$fpl$dcmpinf)
    x$fpl$dleqf                              0x08003a4c   Section      120  dleqf.o(x$fpl$dleqf)
    x$fpl$dmul                               0x08003ac4   Section      340  dmul.o(x$fpl$dmul)
    x$fpl$dnaninf                            0x08003c18   Section      156  dnaninf.o(x$fpl$dnaninf)
    x$fpl$dretinf                            0x08003cb4   Section       12  dretinf.o(x$fpl$dretinf)
    x$fpl$drleqf                             0x08003cc0   Section      108  drleqf.o(x$fpl$drleqf)
    x$fpl$f2d                                0x08003d2c   Section       86  f2d.o(x$fpl$f2d)
    x$fpl$fcmpinf                            0x08003d82   Section       24  fcmpi.o(x$fpl$fcmpinf)
    x$fpl$ffixu                              0x08003d9c   Section       62  ffixu.o(x$fpl$ffixu)
    x$fpl$ffltu                              0x08003ddc   Section       38  fflt_clz.o(x$fpl$ffltu)
    x$fpl$fleqf                              0x08003e04   Section      104  fleqf.o(x$fpl$fleqf)
    x$fpl$fnaninf                            0x08003e6c   Section      140  fnaninf.o(x$fpl$fnaninf)
    x$fpl$fretinf                            0x08003ef8   Section       10  fretinf.o(x$fpl$fretinf)
    x$fpl$usenofp                            0x08003f02   Section        0  usenofp.o(x$fpl$usenofp)
    .data                                    0x20000000   Section        4  stm32f10x_it.o(.data)
    .data                                    0x20000004   Section       20  system_stm32f10x.o(.data)
    .data                                    0x20000018   Section      280  main.o(.data)
    .data                                    0x20000130   Section        9  hwjs.o(.data)
    .data                                    0x2000013c   Section        4  systick.o(.data)
    TimingDelay                              0x2000013c   Data           4  systick.o(.data)
    .data                                    0x20000140   Section        9  servo.o(.data)
    .data                                    0x20000149   Section       20  stm32f10x_rcc.o(.data)
    APBAHBPrescTable                         0x20000149   Data          16  stm32f10x_rcc.o(.data)
    ADCPrescTable                            0x20000159   Data           4  stm32f10x_rcc.o(.data)
    .data                                    0x20000160   Section        4  usart.o(.data)
    .data                                    0x20000164   Section        4  delay.o(.data)
    fac_us                                   0x20000164   Data           1  delay.o(.data)
    fac_ms                                   0x20000166   Data           2  delay.o(.data)
    .bss                                     0x20000168   Section     2200  stm32f10x_it.o(.bss)
    Read_Buf                                 0x20000168   Data        2000  stm32f10x_it.o(.bss)
    .bss                                     0x20000a00   Section       96  libspace.o(.bss)
    HEAP                                     0x20000a60   Section      512  startup_stm32f10x_hd.o(HEAP)
    Heap_Mem                                 0x20000a60   Data         512  startup_stm32f10x_hd.o(HEAP)
    STACK                                    0x20000c60   Section     1024  startup_stm32f10x_hd.o(STACK)
    Stack_Mem                                0x20000c60   Data        1024  startup_stm32f10x_hd.o(STACK)
    __initial_sp                             0x20001060   Data           0  startup_stm32f10x_hd.o(STACK)

    Global Symbols

    Symbol Name                              Value     Ov Type        Size  Object(Section)

    BuildAttributes$$THM_ISAv4$P$D$K$B$S$PE$A:L22UL41UL21$X:L11$S22US41US21$IEEE1$IW$USESV6$~STKCKD$USESV7$~SHL$OSPACE$ROPI$EBA8$UX$STANDARDLIB$REQ8$PRES8$EABIv2 0x00000000   Number         0  anon$$obj.o ABSOLUTE
    __ARM_use_no_argv                        0x00000000   Number         0  main.o ABSOLUTE
    __ARM_exceptions_init                     - Undefined Weak Reference
    __alloca_initialize                       - Undefined Weak Reference
    __arm_preinit_                            - Undefined Weak Reference
    __cpp_initialize__aeabi_                  - Undefined Weak Reference
    __cxa_finalize                            - Undefined Weak Reference
    __rt_locale                               - Undefined Weak Reference
    __sigvec_lookup                           - Undefined Weak Reference
    _atexit_init                              - Undefined Weak Reference
    _call_atexit_fns                          - Undefined Weak Reference
    _clock_init                               - Undefined Weak Reference
    _fp_trap_init                             - Undefined Weak Reference
    _fp_trap_shutdown                         - Undefined Weak Reference
    _get_lc_collate                           - Undefined Weak Reference
    _get_lc_ctype                             - Undefined Weak Reference
    _get_lc_monetary                          - Undefined Weak Reference
    _get_lc_numeric                           - Undefined Weak Reference
    _get_lc_time                              - Undefined Weak Reference
    _getenv_init                              - Undefined Weak Reference
    _handle_redirection                       - Undefined Weak Reference
    _init_alloc                               - Undefined Weak Reference
    _init_user_alloc                          - Undefined Weak Reference
    _initio                                   - Undefined Weak Reference
    _mutex_acquire                            - Undefined Weak Reference
    _mutex_release                            - Undefined Weak Reference
    _printf_mbtowc                            - Undefined Weak Reference
    _printf_post_padding                      - Undefined Weak Reference
    _printf_pre_padding                       - Undefined Weak Reference
    _printf_truncate_signed                   - Undefined Weak Reference
    _printf_truncate_unsigned                 - Undefined Weak Reference
    _rand_init                                - Undefined Weak Reference
    _signal_finish                            - Undefined Weak Reference
    _signal_init                              - Undefined Weak Reference
    _terminate_alloc                          - Undefined Weak Reference
    _terminate_user_alloc                     - Undefined Weak Reference
    _terminateio                              - Undefined Weak Reference
    __Vectors_Size                           0x00000130   Number         0  startup_stm32f10x_hd.o ABSOLUTE
    __Vectors                                0x08000000   Data           4  startup_stm32f10x_hd.o(RESET)
    __Vectors_End                            0x08000130   Data           0  startup_stm32f10x_hd.o(RESET)
    __main                                   0x08000131   Thumb Code     8  __main.o(!!!main)
    __scatterload                            0x08000139   Thumb Code     0  __scatter.o(!!!scatter)
    __scatterload_rt2                        0x08000139   Thumb Code    44  __scatter.o(!!!scatter)
    __scatterload_rt2_thumb_only             0x08000139   Thumb Code     0  __scatter.o(!!!scatter)
    __scatterload_null                       0x08000147   Thumb Code     0  __scatter.o(!!!scatter)
    __decompress                             0x0800016d   Thumb Code    90  __dczerorl2.o(!!dczerorl2)
    __decompress1                            0x0800016d   Thumb Code     0  __dczerorl2.o(!!dczerorl2)
    __scatterload_zeroinit                   0x080001c9   Thumb Code    28  __scatter_zi.o(!!handler_zi)
    _printf_d                                0x080001e5   Thumb Code     0  _printf_d.o(.ARM.Collect$$_printf_percent$$00000009)
    _printf_percent                          0x080001e5   Thumb Code     0  _printf_percent.o(.ARM.Collect$$_printf_percent$$00000000)
    _printf_s                                0x080001eb   Thumb Code     0  _printf_s.o(.ARM.Collect$$_printf_percent$$00000014)
    _printf_percent_end                      0x080001f1   Thumb Code     0  _printf_percent_end.o(.ARM.Collect$$_printf_percent$$00000017)
    __rt_lib_init                            0x080001f5   Thumb Code     0  libinit.o(.ARM.Collect$$libinit$$00000000)
    __rt_lib_init_alloca_1                   0x080001f7   Thumb Code     0  libinit2.o(.ARM.Collect$$libinit$$0000002E)
    __rt_lib_init_argv_1                     0x080001f7   Thumb Code     0  libinit2.o(.ARM.Collect$$libinit$$0000002C)
    __rt_lib_init_atexit_1                   0x080001f7   Thumb Code     0  libinit2.o(.ARM.Collect$$libinit$$0000001B)
    __rt_lib_init_clock_1                    0x080001f7   Thumb Code     0  libinit2.o(.ARM.Collect$$libinit$$00000021)
    __rt_lib_init_cpp_1                      0x080001f7   Thumb Code     0  libinit2.o(.ARM.Collect$$libinit$$00000032)
    __rt_lib_init_exceptions_1               0x080001f7   Thumb Code     0  libinit2.o(.ARM.Collect$$libinit$$00000030)
    __rt_lib_init_fp_1                       0x080001f7   Thumb Code     0  libinit2.o(.ARM.Collect$$libinit$$00000002)
    __rt_lib_init_fp_trap_1                  0x080001f7   Thumb Code     0  libinit2.o(.ARM.Collect$$libinit$$0000001F)
    __rt_lib_init_getenv_1                   0x080001f7   Thumb Code     0  libinit2.o(.ARM.Collect$$libinit$$00000023)
    __rt_lib_init_heap_1                     0x080001f7   Thumb Code     0  libinit2.o(.ARM.Collect$$libinit$$0000000A)
    __rt_lib_init_lc_collate_1               0x080001f7   Thumb Code     0  libinit2.o(.ARM.Collect$$libinit$$00000011)
    __rt_lib_init_lc_ctype_1                 0x080001f7   Thumb Code     0  libinit2.o(.ARM.Collect$$libinit$$00000013)
    __rt_lib_init_lc_monetary_1              0x080001f7   Thumb Code     0  libinit2.o(.ARM.Collect$$libinit$$00000015)
    __rt_lib_init_lc_numeric_1               0x080001f7   Thumb Code     0  libinit2.o(.ARM.Collect$$libinit$$00000017)
    __rt_lib_init_lc_time_1                  0x080001f7   Thumb Code     0  libinit2.o(.ARM.Collect$$libinit$$00000019)
    __rt_lib_init_preinit_1                  0x080001f7   Thumb Code     0  libinit2.o(.ARM.Collect$$libinit$$00000004)
    __rt_lib_init_rand_1                     0x080001f7   Thumb Code     0  libinit2.o(.ARM.Collect$$libinit$$0000000E)
    __rt_lib_init_return                     0x080001f7   Thumb Code     0  libinit2.o(.ARM.Collect$$libinit$$00000033)
    __rt_lib_init_signal_1                   0x080001f7   Thumb Code     0  libinit2.o(.ARM.Collect$$libinit$$0000001D)
    __rt_lib_init_stdio_1                    0x080001f7   Thumb Code     0  libinit2.o(.ARM.Collect$$libinit$$00000025)
    __rt_lib_init_user_alloc_1               0x080001f7   Thumb Code     0  libinit2.o(.ARM.Collect$$libinit$$0000000C)
    __rt_lib_shutdown                        0x080001f9   Thumb Code     0  libshutdown.o(.ARM.Collect$$libshutdown$$00000000)
    __rt_lib_shutdown_cpp_1                  0x080001fb   Thumb Code     0  libshutdown2.o(.ARM.Collect$$libshutdown$$00000002)
    __rt_lib_shutdown_fp_trap_1              0x080001fb   Thumb Code     0  libshutdown2.o(.ARM.Collect$$libshutdown$$00000007)
    __rt_lib_shutdown_heap_1                 0x080001fb   Thumb Code     0  libshutdown2.o(.ARM.Collect$$libshutdown$$0000000F)
    __rt_lib_shutdown_return                 0x080001fb   Thumb Code     0  libshutdown2.o(.ARM.Collect$$libshutdown$$00000010)
    __rt_lib_shutdown_signal_1               0x080001fb   Thumb Code     0  libshutdown2.o(.ARM.Collect$$libshutdown$$0000000A)
    __rt_lib_shutdown_stdio_1                0x080001fb   Thumb Code     0  libshutdown2.o(.ARM.Collect$$libshutdown$$00000004)
    __rt_lib_shutdown_user_alloc_1           0x080001fb   Thumb Code     0  libshutdown2.o(.ARM.Collect$$libshutdown$$0000000C)
    __rt_entry                               0x080001fd   Thumb Code     0  __rtentry.o(.ARM.Collect$$rtentry$$00000000)
    __rt_entry_presh_1                       0x080001fd   Thumb Code     0  __rtentry2.o(.ARM.Collect$$rtentry$$00000002)
    __rt_entry_sh                            0x080001fd   Thumb Code     0  __rtentry4.o(.ARM.Collect$$rtentry$$00000004)
    __rt_entry_li                            0x08000203   Thumb Code     0  __rtentry2.o(.ARM.Collect$$rtentry$$0000000A)
    __rt_entry_postsh_1                      0x08000203   Thumb Code     0  __rtentry2.o(.ARM.Collect$$rtentry$$00000009)
    __rt_entry_main                          0x08000207   Thumb Code     0  __rtentry2.o(.ARM.Collect$$rtentry$$0000000D)
    __rt_entry_postli_1                      0x08000207   Thumb Code     0  __rtentry2.o(.ARM.Collect$$rtentry$$0000000C)
    __rt_exit                                0x0800020f   Thumb Code     0  rtexit.o(.ARM.Collect$$rtexit$$00000000)
    __rt_exit_ls                             0x08000211   Thumb Code     0  rtexit2.o(.ARM.Collect$$rtexit$$00000003)
    __rt_exit_prels_1                        0x08000211   Thumb Code     0  rtexit2.o(.ARM.Collect$$rtexit$$00000002)
    __rt_exit_exit                           0x08000215   Thumb Code     0  rtexit2.o(.ARM.Collect$$rtexit$$00000004)
    NMI_Handler                              0x0800021d   Thumb Code     2  stm32f10x_it.o(.text)
    HardFault_Handler                        0x0800021f   Thumb Code     4  stm32f10x_it.o(.text)
    MemManage_Handler                        0x08000223   Thumb Code     4  stm32f10x_it.o(.text)
    BusFault_Handler                         0x08000227   Thumb Code     4  stm32f10x_it.o(.text)
    UsageFault_Handler                       0x0800022b   Thumb Code     4  stm32f10x_it.o(.text)
    SVC_Handler                              0x0800022f   Thumb Code     2  stm32f10x_it.o(.text)
    DebugMon_Handler                         0x08000231   Thumb Code     2  stm32f10x_it.o(.text)
    PendSV_Handler                           0x08000233   Thumb Code     2  stm32f10x_it.o(.text)
    SysTick_Handler                          0x08000235   Thumb Code     8  stm32f10x_it.o(.text)
    USART2_IRQHandler                        0x0800023d   Thumb Code   156  stm32f10x_it.o(.text)
    EXTI15_10_IRQHandler                     0x080002d9   Thumb Code   158  stm32f10x_it.o(.text)
    SystemInit                               0x0800047b   Thumb Code    78  system_stm32f10x.o(.text)
    SystemCoreClockUpdate                    0x080004c9   Thumb Code   142  system_stm32f10x.o(.text)
    fputc                                    0x0800057d   Thumb Code    24  usart2.o(.text)
    NVIC2_Config                             0x08000595   Thumb Code    38  usart2.o(.text)
    USART2_Config                            0x080005bb   Thumb Code   132  usart2.o(.text)
    Send2_Byte                               0x0800063f   Thumb Code    30  usart2.o(.text)
    Send2_HalfWord                           0x0800065d   Thumb Code    70  usart2.o(.text)
    Send2_Array                              0x080006a3   Thumb Code    48  usart2.o(.text)
    Send2_Str                                0x080006d3   Thumb Code    44  usart2.o(.text)
    AutoControlWindow                        0x08000709   Thumb Code    84  function.o(.text)
    SOFT_DELAY                               0x0800076d   Thumb Code    10  main.o(.text)
    window_control                           0x08000777   Thumb Code    32  main.o(.text)
    beep_control                             0x08000797   Thumb Code    14  main.o(.text)
    main                                     0x080007a5   Thumb Code   438  main.o(.text)
    LED_Init                                 0x080009c1   Thumb Code    50  led.o(.text)
    Adc_Init                                 0x080009f9   Thumb Code   132  adc.o(.text)
    Get_Adc                                  0x08000a7d   Thumb Code    46  adc.o(.text)
    Get_Adc_Average                          0x08000aab   Thumb Code    46  adc.o(.text)
    Send_DATA                                0x08000ad9   Thumb Code   130  adc.o(.text)
    GENERAL_TIM_Init                         0x08000ca7   Thumb Code    12  general.o(.text)
    SET_Color                                0x08000cb3   Thumb Code    34  general.o(.text)
    hwjs_init                                0x08000ce1   Thumb Code   118  hwjs.o(.text)
    HW_jssj                                  0x08000d57   Thumb Code    42  hwjs.o(.text)
    delay                                    0x08000d85   Thumb Code    12  beep.o(.text)
    BEEP_Init                                0x08000d91   Thumb Code    42  beep.o(.text)
    sound1                                   0x08000dbb   Thumb Code    48  beep.o(.text)
    sound2                                   0x08000deb   Thumb Code    48  beep.o(.text)
    SysTick_Init                             0x08000e75   Thumb Code    26  systick.o(.text)
    Delay_us                                 0x08000e8f   Thumb Code    20  systick.o(.text)
    Delay_ms                                 0x08000ea3   Thumb Code    26  systick.o(.text)
    Delay_s                                  0x08000ebd   Thumb Code    24  systick.o(.text)
    TimingDelay_Decrement                    0x08000ed5   Thumb Code    18  systick.o(.text)
    SysTick_Configuration                    0x08000ee7   Thumb Code    34  systick.o(.text)
    ee_CheckOk                               0x08000f1d   Thumb Code    22  bsp_i2c_ee.o(.text)
    ee_ReadBytes                             0x08000f33   Thumb Code   112  bsp_i2c_ee.o(.text)
    ee_WriteBytes                            0x08000fa3   Thumb Code   128  bsp_i2c_ee.o(.text)
    i2c_Start                                0x08001033   Thumb Code    56  bsp_i2c_gpio.o(.text)
    i2c_Stop                                 0x0800106b   Thumb Code    38  bsp_i2c_gpio.o(.text)
    i2c_SendByte                             0x08001091   Thumb Code    96  bsp_i2c_gpio.o(.text)
    i2c_ReadByte                             0x080010f1   Thumb Code    68  bsp_i2c_gpio.o(.text)
    i2c_WaitAck                              0x08001135   Thumb Code    66  bsp_i2c_gpio.o(.text)
    i2c_Ack                                  0x08001177   Thumb Code    56  bsp_i2c_gpio.o(.text)
    i2c_NAck                                 0x080011af   Thumb Code    46  bsp_i2c_gpio.o(.text)
    i2c_CheckDevice                          0x08001209   Thumb Code    32  bsp_i2c_gpio.o(.text)
    DHT11Read                                0x080012fb   Thumb Code   148  dht11.o(.text)
    SetServoAngle                            0x08001395   Thumb Code   122  servo.o(.text)
    Init_Steer                               0x0800140f   Thumb Code    84  servo.o(.text)
    TIM4_PWM_Init                            0x0800150f   Thumb Code    12  timer.o(.text)
    Reset_Handler                            0x08001525   Thumb Code     8  startup_stm32f10x_hd.o(.text)
    ADC1_2_IRQHandler                        0x0800153f   Thumb Code     0  startup_stm32f10x_hd.o(.text)
    ADC3_IRQHandler                          0x0800153f   Thumb Code     0  startup_stm32f10x_hd.o(.text)
    CAN1_RX1_IRQHandler                      0x0800153f   Thumb Code     0  startup_stm32f10x_hd.o(.text)
    CAN1_SCE_IRQHandler                      0x0800153f   Thumb Code     0  startup_stm32f10x_hd.o(.text)
    DMA1_Channel1_IRQHandler                 0x0800153f   Thumb Code     0  startup_stm32f10x_hd.o(.text)
    DMA1_Channel2_IRQHandler                 0x0800153f   Thumb Code     0  startup_stm32f10x_hd.o(.text)
    DMA1_Channel3_IRQHandler                 0x0800153f   Thumb Code     0  startup_stm32f10x_hd.o(.text)
    DMA1_Channel4_IRQHandler                 0x0800153f   Thumb Code     0  startup_stm32f10x_hd.o(.text)
    DMA1_Channel5_IRQHandler                 0x0800153f   Thumb Code     0  startup_stm32f10x_hd.o(.text)
    DMA1_Channel6_IRQHandler                 0x0800153f   Thumb Code     0  startup_stm32f10x_hd.o(.text)
    DMA1_Channel7_IRQHandler                 0x0800153f   Thumb Code     0  startup_stm32f10x_hd.o(.text)
    DMA2_Channel1_IRQHandler                 0x0800153f   Thumb Code     0  startup_stm32f10x_hd.o(.text)
    DMA2_Channel2_IRQHandler                 0x0800153f   Thumb Code     0  startup_stm32f10x_hd.o(.text)
    DMA2_Channel3_IRQHandler                 0x0800153f   Thumb Code     0  startup_stm32f10x_hd.o(.text)
    DMA2_Channel4_5_IRQHandler               0x0800153f   Thumb Code     0  startup_stm32f10x_hd.o(.text)
    EXTI0_IRQHandler                         0x0800153f   Thumb Code     0  startup_stm32f10x_hd.o(.text)
    EXTI1_IRQHandler                         0x0800153f   Thumb Code     0  startup_stm32f10x_hd.o(.text)
    EXTI2_IRQHandler                         0x0800153f   Thumb Code     0  startup_stm32f10x_hd.o(.text)
    EXTI3_IRQHandler                         0x0800153f   Thumb Code     0  startup_stm32f10x_hd.o(.text)
    EXTI4_IRQHandler                         0x0800153f   Thumb Code     0  startup_stm32f10x_hd.o(.text)
    EXTI9_5_IRQHandler                       0x0800153f   Thumb Code     0  startup_stm32f10x_hd.o(.text)
    FLASH_IRQHandler                         0x0800153f   Thumb Code     0  startup_stm32f10x_hd.o(.text)
    FSMC_IRQHandler                          0x0800153f   Thumb Code     0  startup_stm32f10x_hd.o(.text)
    I2C1_ER_IRQHandler                       0x0800153f   Thumb Code     0  startup_stm32f10x_hd.o(.text)
    I2C1_EV_IRQHandler                       0x0800153f   Thumb Code     0  startup_stm32f10x_hd.o(.text)
    I2C2_ER_IRQHandler                       0x0800153f   Thumb Code     0  startup_stm32f10x_hd.o(.text)
    I2C2_EV_IRQHandler                       0x0800153f   Thumb Code     0  startup_stm32f10x_hd.o(.text)
    PVD_IRQHandler                           0x0800153f   Thumb Code     0  startup_stm32f10x_hd.o(.text)
    RCC_IRQHandler                           0x0800153f   Thumb Code     0  startup_stm32f10x_hd.o(.text)
    RTCAlarm_IRQHandler                      0x0800153f   Thumb Code     0  startup_stm32f10x_hd.o(.text)
    RTC_IRQHandler                           0x0800153f   Thumb Code     0  startup_stm32f10x_hd.o(.text)
    SDIO_IRQHandler                          0x0800153f   Thumb Code     0  startup_stm32f10x_hd.o(.text)
    SPI1_IRQHandler                          0x0800153f   Thumb Code     0  startup_stm32f10x_hd.o(.text)
    SPI2_IRQHandler                          0x0800153f   Thumb Code     0  startup_stm32f10x_hd.o(.text)
    SPI3_IRQHandler                          0x0800153f   Thumb Code     0  startup_stm32f10x_hd.o(.text)
    TAMPER_IRQHandler                        0x0800153f   Thumb Code     0  startup_stm32f10x_hd.o(.text)
    TIM1_BRK_IRQHandler                      0x0800153f   Thumb Code     0  startup_stm32f10x_hd.o(.text)
    TIM1_CC_IRQHandler                       0x0800153f   Thumb Code     0  startup_stm32f10x_hd.o(.text)
    TIM1_TRG_COM_IRQHandler                  0x0800153f   Thumb Code     0  startup_stm32f10x_hd.o(.text)
    TIM1_UP_IRQHandler                       0x0800153f   Thumb Code     0  startup_stm32f10x_hd.o(.text)
    TIM2_IRQHandler                          0x0800153f   Thumb Code     0  startup_stm32f10x_hd.o(.text)
    TIM3_IRQHandler                          0x0800153f   Thumb Code     0  startup_stm32f10x_hd.o(.text)
    TIM4_IRQHandler                          0x0800153f   Thumb Code     0  startup_stm32f10x_hd.o(.text)
    TIM5_IRQHandler                          0x0800153f   Thumb Code     0  startup_stm32f10x_hd.o(.text)
    TIM6_IRQHandler                          0x0800153f   Thumb Code     0  startup_stm32f10x_hd.o(.text)
    TIM7_IRQHandler                          0x0800153f   Thumb Code     0  startup_stm32f10x_hd.o(.text)
    TIM8_BRK_IRQHandler                      0x0800153f   Thumb Code     0  startup_stm32f10x_hd.o(.text)
    TIM8_CC_IRQHandler                       0x0800153f   Thumb Code     0  startup_stm32f10x_hd.o(.text)
    TIM8_TRG_COM_IRQHandler                  0x0800153f   Thumb Code     0  startup_stm32f10x_hd.o(.text)
    TIM8_UP_IRQHandler                       0x0800153f   Thumb Code     0  startup_stm32f10x_hd.o(.text)
    UART4_IRQHandler                         0x0800153f   Thumb Code     0  startup_stm32f10x_hd.o(.text)
    UART5_IRQHandler                         0x0800153f   Thumb Code     0  startup_stm32f10x_hd.o(.text)
    USART1_IRQHandler                        0x0800153f   Thumb Code     0  startup_stm32f10x_hd.o(.text)
    USART3_IRQHandler                        0x0800153f   Thumb Code     0  startup_stm32f10x_hd.o(.text)
    USBWakeUp_IRQHandler                     0x0800153f   Thumb Code     0  startup_stm32f10x_hd.o(.text)
    USB_HP_CAN1_TX_IRQHandler                0x0800153f   Thumb Code     0  startup_stm32f10x_hd.o(.text)
    USB_LP_CAN1_RX0_IRQHandler               0x0800153f   Thumb Code     0  startup_stm32f10x_hd.o(.text)
    WWDG_IRQHandler                          0x0800153f   Thumb Code     0  startup_stm32f10x_hd.o(.text)
    __user_initial_stackheap                 0x08001541   Thumb Code     0  startup_stm32f10x_hd.o(.text)
    NVIC_PriorityGroupConfig                 0x08001565   Thumb Code    10  misc.o(.text)
    NVIC_Init                                0x0800156f   Thumb Code   100  misc.o(.text)
    NVIC_SetVectorTable                      0x080015d3   Thumb Code    14  misc.o(.text)
    NVIC_SystemLPConfig                      0x080015e1   Thumb Code    34  misc.o(.text)
    SysTick_CLKSourceConfig                  0x08001603   Thumb Code    40  misc.o(.text)
    ADC_DeInit                               0x08001641   Thumb Code    78  stm32f10x_adc.o(.text)
    ADC_Init                                 0x0800168f   Thumb Code    70  stm32f10x_adc.o(.text)
    ADC_StructInit                           0x080016d5   Thumb Code    18  stm32f10x_adc.o(.text)
    ADC_Cmd                                  0x080016e7   Thumb Code    22  stm32f10x_adc.o(.text)
    ADC_DMACmd                               0x080016fd   Thumb Code    22  stm32f10x_adc.o(.text)
    ADC_ITConfig                             0x08001713   Thumb Code    24  stm32f10x_adc.o(.text)
    ADC_ResetCalibration                     0x0800172b   Thumb Code    10  stm32f10x_adc.o(.text)
    ADC_GetResetCalibrationStatus            0x08001735   Thumb Code    20  stm32f10x_adc.o(.text)
    ADC_StartCalibration                     0x08001749   Thumb Code    10  stm32f10x_adc.o(.text)
    ADC_GetCalibrationStatus                 0x08001753   Thumb Code    20  stm32f10x_adc.o(.text)
    ADC_SoftwareStartConvCmd                 0x08001767   Thumb Code    22  stm32f10x_adc.o(.text)
    ADC_GetSoftwareStartConvStatus           0x0800177d   Thumb Code    20  stm32f10x_adc.o(.text)
    ADC_DiscModeChannelCountConfig           0x08001791   Thumb Code    24  stm32f10x_adc.o(.text)
    ADC_DiscModeCmd                          0x080017a9   Thumb Code    22  stm32f10x_adc.o(.text)
    ADC_RegularChannelConfig                 0x080017bf   Thumb Code   184  stm32f10x_adc.o(.text)
    ADC_ExternalTrigConvCmd                  0x08001877   Thumb Code    22  stm32f10x_adc.o(.text)
    ADC_GetConversionValue                   0x0800188d   Thumb Code     8  stm32f10x_adc.o(.text)
    ADC_GetDualModeConversionValue           0x08001895   Thumb Code     8  stm32f10x_adc.o(.text)
    ADC_AutoInjectedConvCmd                  0x0800189d   Thumb Code    22  stm32f10x_adc.o(.text)
    ADC_InjectedDiscModeCmd                  0x080018b3   Thumb Code    22  stm32f10x_adc.o(.text)
    ADC_ExternalTrigInjectedConvConfig       0x080018c9   Thumb Code    16  stm32f10x_adc.o(.text)
    ADC_ExternalTrigInjectedConvCmd          0x080018d9   Thumb Code    22  stm32f10x_adc.o(.text)
    ADC_SoftwareStartInjectedConvCmd         0x080018ef   Thumb Code    22  stm32f10x_adc.o(.text)
    ADC_GetSoftwareStartInjectedConvCmdStatus 0x08001905   Thumb Code    20  stm32f10x_adc.o(.text)
    ADC_InjectedChannelConfig                0x08001919   Thumb Code   130  stm32f10x_adc.o(.text)
    ADC_InjectedSequencerLengthConfig        0x0800199b   Thumb Code    24  stm32f10x_adc.o(.text)
    ADC_SetInjectedOffset                    0x080019b3   Thumb Code    20  stm32f10x_adc.o(.text)
    ADC_GetInjectedConversionValue           0x080019c7   Thumb Code    28  stm32f10x_adc.o(.text)
    ADC_AnalogWatchdogCmd                    0x080019e3   Thumb Code    16  stm32f10x_adc.o(.text)
    ADC_AnalogWatchdogThresholdsConfig       0x080019f3   Thumb Code     6  stm32f10x_adc.o(.text)
    ADC_AnalogWatchdogSingleChannelConfig    0x080019f9   Thumb Code    16  stm32f10x_adc.o(.text)
    ADC_TempSensorVrefintCmd                 0x08001a09   Thumb Code    64  stm32f10x_adc.o(.text)
    ADC_GetFlagStatus                        0x08001a49   Thumb Code    18  stm32f10x_adc.o(.text)
    ADC_ClearFlag                            0x08001a5b   Thumb Code     6  stm32f10x_adc.o(.text)
    ADC_GetITStatus                          0x08001a61   Thumb Code    36  stm32f10x_adc.o(.text)
    ADC_ClearITPendingBit                    0x08001a85   Thumb Code    10  stm32f10x_adc.o(.text)
    EXTI_DeInit                              0x08001a91   Thumb Code    28  stm32f10x_exti.o(.text)
    EXTI_Init                                0x08001aad   Thumb Code   142  stm32f10x_exti.o(.text)
    EXTI_StructInit                          0x08001b3b   Thumb Code    16  stm32f10x_exti.o(.text)
    EXTI_GenerateSWInterrupt                 0x08001b4b   Thumb Code    16  stm32f10x_exti.o(.text)
    EXTI_GetFlagStatus                       0x08001b5b   Thumb Code    22  stm32f10x_exti.o(.text)
    EXTI_ClearFlag                           0x08001b71   Thumb Code     8  stm32f10x_exti.o(.text)
    EXTI_GetITStatus                         0x08001b79   Thumb Code    34  stm32f10x_exti.o(.text)
    EXTI_ClearITPendingBit                   0x08001b9b   Thumb Code     8  stm32f10x_exti.o(.text)
    GPIO_DeInit                              0x08001bad   Thumb Code   172  stm32f10x_gpio.o(.text)
    GPIO_AFIODeInit                          0x08001c59   Thumb Code    20  stm32f10x_gpio.o(.text)
    GPIO_Init                                0x08001c6d   Thumb Code   278  stm32f10x_gpio.o(.text)
    GPIO_StructInit                          0x08001d83   Thumb Code    16  stm32f10x_gpio.o(.text)
    GPIO_ReadInputDataBit                    0x08001d93   Thumb Code    18  stm32f10x_gpio.o(.text)
    GPIO_ReadInputData                       0x08001da5   Thumb Code     8  stm32f10x_gpio.o(.text)
    GPIO_ReadOutputDataBit                   0x08001dad   Thumb Code    18  stm32f10x_gpio.o(.text)
    GPIO_ReadOutputData                      0x08001dbf   Thumb Code     8  stm32f10x_gpio.o(.text)
    GPIO_SetBits                             0x08001dc7   Thumb Code     4  stm32f10x_gpio.o(.text)
    GPIO_ResetBits                           0x08001dcb   Thumb Code     4  stm32f10x_gpio.o(.text)
    GPIO_WriteBit                            0x08001dcf   Thumb Code    10  stm32f10x_gpio.o(.text)
    GPIO_Write                               0x08001dd9   Thumb Code     4  stm32f10x_gpio.o(.text)
    GPIO_PinLockConfig                       0x08001ddd   Thumb Code    18  stm32f10x_gpio.o(.text)
    GPIO_EventOutputConfig                   0x08001def   Thumb Code    26  stm32f10x_gpio.o(.text)
    GPIO_EventOutputCmd                      0x08001e09   Thumb Code     6  stm32f10x_gpio.o(.text)
    GPIO_PinRemapConfig                      0x08001e0f   Thumb Code   138  stm32f10x_gpio.o(.text)
    GPIO_EXTILineConfig                      0x08001e99   Thumb Code    66  stm32f10x_gpio.o(.text)
    GPIO_ETH_MediaInterfaceConfig            0x08001edb   Thumb Code     8  stm32f10x_gpio.o(.text)
    RCC_DeInit                               0x08001f09   Thumb Code    64  stm32f10x_rcc.o(.text)
    RCC_HSEConfig                            0x08001f49   Thumb Code    70  stm32f10x_rcc.o(.text)
    RCC_GetFlagStatus                        0x08001f8f   Thumb Code    56  stm32f10x_rcc.o(.text)
    RCC_WaitForHSEStartUp                    0x08001fc7   Thumb Code    56  stm32f10x_rcc.o(.text)
    RCC_AdjustHSICalibrationValue            0x08001fff   Thumb Code    20  stm32f10x_rcc.o(.text)
    RCC_HSICmd                               0x08002013   Thumb Code     6  stm32f10x_rcc.o(.text)
    RCC_PLLConfig                            0x08002019   Thumb Code    24  stm32f10x_rcc.o(.text)
    RCC_PLLCmd                               0x08002031   Thumb Code     6  stm32f10x_rcc.o(.text)
    RCC_SYSCLKConfig                         0x08002037   Thumb Code    18  stm32f10x_rcc.o(.text)
    RCC_GetSYSCLKSource                      0x08002049   Thumb Code    10  stm32f10x_rcc.o(.text)
    RCC_HCLKConfig                           0x08002053   Thumb Code    18  stm32f10x_rcc.o(.text)
    RCC_PCLK1Config                          0x08002065   Thumb Code    18  stm32f10x_rcc.o(.text)
    RCC_PCLK2Config                          0x08002077   Thumb Code    20  stm32f10x_rcc.o(.text)
    RCC_ITConfig                             0x0800208b   Thumb Code    26  stm32f10x_rcc.o(.text)
    RCC_USBCLKConfig                         0x080020a5   Thumb Code     8  stm32f10x_rcc.o(.text)
    RCC_ADCCLKConfig                         0x080020ad   Thumb Code    18  stm32f10x_rcc.o(.text)
    RCC_LSEConfig                            0x080020bf   Thumb Code    50  stm32f10x_rcc.o(.text)
    RCC_LSICmd                               0x080020f1   Thumb Code     6  stm32f10x_rcc.o(.text)
    RCC_RTCCLKConfig                         0x080020f7   Thumb Code    12  stm32f10x_rcc.o(.text)
    RCC_RTCCLKCmd                            0x08002103   Thumb Code     8  stm32f10x_rcc.o(.text)
    RCC_GetClocksFreq                        0x0800210b   Thumb Code   192  stm32f10x_rcc.o(.text)
    RCC_AHBPeriphClockCmd                    0x080021cb   Thumb Code    26  stm32f10x_rcc.o(.text)
    RCC_APB2PeriphClockCmd                   0x080021e5   Thumb Code    26  stm32f10x_rcc.o(.text)
    RCC_APB1PeriphClockCmd                   0x080021ff   Thumb Code    26  stm32f10x_rcc.o(.text)
    RCC_APB2PeriphResetCmd                   0x08002219   Thumb Code    26  stm32f10x_rcc.o(.text)
    RCC_APB1PeriphResetCmd                   0x08002233   Thumb Code    26  stm32f10x_rcc.o(.text)
    RCC_BackupResetCmd                       0x0800224d   Thumb Code     8  stm32f10x_rcc.o(.text)
    RCC_ClockSecuritySystemCmd               0x08002255   Thumb Code     6  stm32f10x_rcc.o(.text)
    RCC_MCOConfig                            0x0800225b   Thumb Code     6  stm32f10x_rcc.o(.text)
    RCC_ClearFlag                            0x08002261   Thumb Code    14  stm32f10x_rcc.o(.text)
    RCC_GetITStatus                          0x0800226f   Thumb Code    20  stm32f10x_rcc.o(.text)
    RCC_ClearITPendingBit                    0x08002283   Thumb Code     6  stm32f10x_rcc.o(.text)
    TIM_DeInit                               0x080022ad   Thumb Code   424  stm32f10x_tim.o(.text)
    TIM_TimeBaseInit                         0x08002455   Thumb Code   122  stm32f10x_tim.o(.text)
    TIM_OC1Init                              0x080024cf   Thumb Code   132  stm32f10x_tim.o(.text)
    TIM_OC2Init                              0x08002553   Thumb Code   154  stm32f10x_tim.o(.text)
    TIM_OC3Init                              0x080025ed   Thumb Code   150  stm32f10x_tim.o(.text)
    TIM_OC4Init                              0x08002683   Thumb Code   182  stm32f10x_tim.o(.text)
    TIM_SetIC4Prescaler                      0x08002739   Thumb Code    26  stm32f10x_tim.o(.text)
    TIM_SetIC3Prescaler                      0x080027d5   Thumb Code    18  stm32f10x_tim.o(.text)
    TIM_SetIC2Prescaler                      0x08002861   Thumb Code    26  stm32f10x_tim.o(.text)
    TIM_SetIC1Prescaler                      0x080028fd   Thumb Code    18  stm32f10x_tim.o(.text)
    TIM_ICInit                               0x0800297b   Thumb Code   150  stm32f10x_tim.o(.text)
    TIM_PWMIConfig                           0x08002a11   Thumb Code   124  stm32f10x_tim.o(.text)
    TIM_BDTRConfig                           0x08002a8d   Thumb Code    32  stm32f10x_tim.o(.text)
    TIM_TimeBaseStructInit                   0x08002aad   Thumb Code    18  stm32f10x_tim.o(.text)
    TIM_OCStructInit                         0x08002abf   Thumb Code    20  stm32f10x_tim.o(.text)
    TIM_ICStructInit                         0x08002ad3   Thumb Code    18  stm32f10x_tim.o(.text)
    TIM_BDTRStructInit                       0x08002ae5   Thumb Code    40  stm32f10x_tim.o(.text)
    TIM_Cmd                                  0x08002b0d   Thumb Code    24  stm32f10x_tim.o(.text)
    TIM_CtrlPWMOutputs                       0x08002b25   Thumb Code    30  stm32f10x_tim.o(.text)
    TIM_ITConfig                             0x08002b43   Thumb Code    18  stm32f10x_tim.o(.text)
    TIM_GenerateEvent                        0x08002b55   Thumb Code     4  stm32f10x_tim.o(.text)
    TIM_DMAConfig                            0x08002b59   Thumb Code    10  stm32f10x_tim.o(.text)
    TIM_DMACmd                               0x08002b63   Thumb Code    18  stm32f10x_tim.o(.text)
    TIM_InternalClockConfig                  0x08002b75   Thumb Code    12  stm32f10x_tim.o(.text)
    TIM_SelectInputTrigger                   0x08002b81   Thumb Code    18  stm32f10x_tim.o(.text)
    TIM_ITRxExternalClockConfig              0x08002b93   Thumb Code    24  stm32f10x_tim.o(.text)
    TIM_TIxExternalClockConfig               0x08002bab   Thumb Code    62  stm32f10x_tim.o(.text)
    TIM_ETRConfig                            0x08002be9   Thumb Code    28  stm32f10x_tim.o(.text)
    TIM_ETRClockMode1Config                  0x08002c05   Thumb Code    54  stm32f10x_tim.o(.text)
    TIM_ETRClockMode2Config                  0x08002c3b   Thumb Code    32  stm32f10x_tim.o(.text)
    TIM_PrescalerConfig                      0x08002c5b   Thumb Code     6  stm32f10x_tim.o(.text)
    TIM_CounterModeConfig                    0x08002c61   Thumb Code    18  stm32f10x_tim.o(.text)
    TIM_EncoderInterfaceConfig               0x08002c73   Thumb Code    66  stm32f10x_tim.o(.text)
    TIM_ForcedOC1Config                      0x08002cb5   Thumb Code    18  stm32f10x_tim.o(.text)
    TIM_ForcedOC2Config                      0x08002cc7   Thumb Code    26  stm32f10x_tim.o(.text)
    TIM_ForcedOC3Config                      0x08002ce1   Thumb Code    18  stm32f10x_tim.o(.text)
    TIM_ForcedOC4Config                      0x08002cf3   Thumb Code    26  stm32f10x_tim.o(.text)
    TIM_ARRPreloadConfig                     0x08002d0d   Thumb Code    24  stm32f10x_tim.o(.text)
    TIM_SelectCOM                            0x08002d25   Thumb Code    24  stm32f10x_tim.o(.text)
    TIM_SelectCCDMA                          0x08002d3d   Thumb Code    24  stm32f10x_tim.o(.text)
    TIM_CCPreloadControl                     0x08002d55   Thumb Code    24  stm32f10x_tim.o(.text)
    TIM_OC1PreloadConfig                     0x08002d6d   Thumb Code    18  stm32f10x_tim.o(.text)
    TIM_OC2PreloadConfig                     0x08002d7f   Thumb Code    26  stm32f10x_tim.o(.text)
    TIM_OC3PreloadConfig                     0x08002d99   Thumb Code    18  stm32f10x_tim.o(.text)
    TIM_OC4PreloadConfig                     0x08002dab   Thumb Code    26  stm32f10x_tim.o(.text)
    TIM_OC1FastConfig                        0x08002dc5   Thumb Code    18  stm32f10x_tim.o(.text)
    TIM_OC2FastConfig                        0x08002dd7   Thumb Code    26  stm32f10x_tim.o(.text)
    TIM_OC3FastConfig                        0x08002df1   Thumb Code    18  stm32f10x_tim.o(.text)
    TIM_OC4FastConfig                        0x08002e03   Thumb Code    26  stm32f10x_tim.o(.text)
    TIM_ClearOC1Ref                          0x08002e1d   Thumb Code    18  stm32f10x_tim.o(.text)
    TIM_ClearOC2Ref                          0x08002e2f   Thumb Code    24  stm32f10x_tim.o(.text)
    TIM_ClearOC3Ref                          0x08002e47   Thumb Code    18  stm32f10x_tim.o(.text)
    TIM_ClearOC4Ref                          0x08002e59   Thumb Code    24  stm32f10x_tim.o(.text)
    TIM_OC1PolarityConfig                    0x08002e71   Thumb Code    18  stm32f10x_tim.o(.text)
    TIM_OC1NPolarityConfig                   0x08002e83   Thumb Code    18  stm32f10x_tim.o(.text)
    TIM_OC2PolarityConfig                    0x08002e95   Thumb Code    26  stm32f10x_tim.o(.text)
    TIM_OC2NPolarityConfig                   0x08002eaf   Thumb Code    26  stm32f10x_tim.o(.text)
    TIM_OC3PolarityConfig                    0x08002ec9   Thumb Code    26  stm32f10x_tim.o(.text)
    TIM_OC3NPolarityConfig                   0x08002ee3   Thumb Code    26  stm32f10x_tim.o(.text)
    TIM_OC4PolarityConfig                    0x08002efd   Thumb Code    26  stm32f10x_tim.o(.text)
    TIM_CCxCmd                               0x08002f17   Thumb Code    30  stm32f10x_tim.o(.text)
    TIM_CCxNCmd                              0x08002f35   Thumb Code    30  stm32f10x_tim.o(.text)
    TIM_SelectOCxM                           0x08002f53   Thumb Code    82  stm32f10x_tim.o(.text)
    TIM_UpdateDisableConfig                  0x08002fa5   Thumb Code    24  stm32f10x_tim.o(.text)
    TIM_UpdateRequestConfig                  0x08002fbd   Thumb Code    24  stm32f10x_tim.o(.text)
    TIM_SelectHallSensor                     0x08002fd5   Thumb Code    24  stm32f10x_tim.o(.text)
    TIM_SelectOnePulseMode                   0x08002fed   Thumb Code    18  stm32f10x_tim.o(.text)
    TIM_SelectOutputTrigger                  0x08002fff   Thumb Code    18  stm32f10x_tim.o(.text)
    TIM_SelectSlaveMode                      0x08003011   Thumb Code    18  stm32f10x_tim.o(.text)
    TIM_SelectMasterSlaveMode                0x08003023   Thumb Code    18  stm32f10x_tim.o(.text)
    TIM_SetCounter                           0x08003035   Thumb Code     4  stm32f10x_tim.o(.text)
    TIM_SetAutoreload                        0x08003039   Thumb Code     4  stm32f10x_tim.o(.text)
    TIM_SetCompare1                          0x0800303d   Thumb Code     4  stm32f10x_tim.o(.text)
    TIM_SetCompare2                          0x08003041   Thumb Code     4  stm32f10x_tim.o(.text)
    TIM_SetCompare3                          0x08003045   Thumb Code     4  stm32f10x_tim.o(.text)
    TIM_SetCompare4                          0x08003049   Thumb Code     6  stm32f10x_tim.o(.text)
    TIM_SetClockDivision                     0x0800304f   Thumb Code    18  stm32f10x_tim.o(.text)
    TIM_GetCapture1                          0x08003061   Thumb Code     6  stm32f10x_tim.o(.text)
    TIM_GetCapture2                          0x08003067   Thumb Code     6  stm32f10x_tim.o(.text)
    TIM_GetCapture3                          0x0800306d   Thumb Code     6  stm32f10x_tim.o(.text)
    TIM_GetCapture4                          0x08003073   Thumb Code     8  stm32f10x_tim.o(.text)
    TIM_GetCounter                           0x0800307b   Thumb Code     6  stm32f10x_tim.o(.text)
    TIM_GetPrescaler                         0x08003081   Thumb Code     6  stm32f10x_tim.o(.text)
    TIM_GetFlagStatus                        0x08003087   Thumb Code    18  stm32f10x_tim.o(.text)
    TIM_ClearFlag                            0x08003099   Thumb Code     6  stm32f10x_tim.o(.text)
    TIM_GetITStatus                          0x0800309f   Thumb Code    34  stm32f10x_tim.o(.text)
    TIM_ClearITPendingBit                    0x080030c1   Thumb Code     6  stm32f10x_tim.o(.text)
    USART_DeInit                             0x080030c9   Thumb Code   134  stm32f10x_usart.o(.text)
    USART_Init                               0x0800314f   Thumb Code   210  stm32f10x_usart.o(.text)
    USART_StructInit                         0x08003221   Thumb Code    24  stm32f10x_usart.o(.text)
    USART_ClockInit                          0x08003239   Thumb Code    34  stm32f10x_usart.o(.text)
    USART_ClockStructInit                    0x0800325b   Thumb Code    12  stm32f10x_usart.o(.text)
    USART_Cmd                                0x08003267   Thumb Code    24  stm32f10x_usart.o(.text)
    USART_ITConfig                           0x0800327f   Thumb Code    74  stm32f10x_usart.o(.text)
    USART_DMACmd                             0x080032c9   Thumb Code    18  stm32f10x_usart.o(.text)
    USART_SetAddress                         0x080032db   Thumb Code    18  stm32f10x_usart.o(.text)
    USART_WakeUpConfig                       0x080032ed   Thumb Code    18  stm32f10x_usart.o(.text)
    USART_ReceiverWakeUpCmd                  0x080032ff   Thumb Code    24  stm32f10x_usart.o(.text)
    USART_LINBreakDetectLengthConfig         0x08003317   Thumb Code    18  stm32f10x_usart.o(.text)
    USART_LINCmd                             0x08003329   Thumb Code    24  stm32f10x_usart.o(.text)
    USART_SendData                           0x08003341   Thumb Code     8  stm32f10x_usart.o(.text)
    USART_ReceiveData                        0x08003349   Thumb Code    10  stm32f10x_usart.o(.text)
    USART_SendBreak                          0x08003353   Thumb Code    10  stm32f10x_usart.o(.text)
    USART_SetGuardTime                       0x0800335d   Thumb Code    16  stm32f10x_usart.o(.text)
    USART_SetPrescaler                       0x0800336d   Thumb Code    16  stm32f10x_usart.o(.text)
    USART_SmartCardCmd                       0x0800337d   Thumb Code    24  stm32f10x_usart.o(.text)
    USART_SmartCardNACKCmd                   0x08003395   Thumb Code    24  stm32f10x_usart.o(.text)
    USART_HalfDuplexCmd                      0x080033ad   Thumb Code    24  stm32f10x_usart.o(.text)
    USART_OverSampling8Cmd                   0x080033c5   Thumb Code    22  stm32f10x_usart.o(.text)
    USART_OneBitMethodCmd                    0x080033db   Thumb Code    24  stm32f10x_usart.o(.text)
    USART_IrDAConfig                         0x080033f3   Thumb Code    18  stm32f10x_usart.o(.text)
    USART_IrDACmd                            0x08003405   Thumb Code    24  stm32f10x_usart.o(.text)
    USART_GetFlagStatus                      0x0800341d   Thumb Code    26  stm32f10x_usart.o(.text)
    USART_ClearFlag                          0x08003437   Thumb Code    18  stm32f10x_usart.o(.text)
    USART_GetITStatus                        0x08003449   Thumb Code    84  stm32f10x_usart.o(.text)
    USART_ClearITPendingBit                  0x0800349d   Thumb Code    52  stm32f10x_usart.o(.text)
    _sys_exit                                0x080034d1   Thumb Code     6  usart.o(.text)
    uart_init                                0x080034d7   Thumb Code   152  usart.o(.text)
    NVIC_Configuration                       0x08003579   Thumb Code    12  sys.o(.text)
    delay_init                               0x08003585   Thumb Code    50  delay.o(.text)
    delay_us                                 0x080035b7   Thumb Code    72  delay.o(.text)
    delay_ms                                 0x080035ff   Thumb Code    72  delay.o(.text)
    __use_no_semihosting                     0x08003659   Thumb Code     2  use_no_semi_2.o(.text)
    __2printf                                0x0800365d   Thumb Code    20  noretval__2printf.o(.text)
    __2sprintf                               0x08003675   Thumb Code    34  noretval__2sprintf.o(.text)
    __printf                                 0x0800369d   Thumb Code   104  __printf.o(.text)
    _printf_str                              0x08003705   Thumb Code    82  _printf_str.o(.text)
    _printf_int_dec                          0x08003759   Thumb Code   104  _printf_dec.o(.text)
    __aeabi_memclr4                          0x080037d1   Thumb Code     0  rt_memclr_w.o(.text)
    __aeabi_memclr8                          0x080037d1   Thumb Code     0  rt_memclr_w.o(.text)
    __rt_memclr_w                            0x080037d1   Thumb Code    78  rt_memclr_w.o(.text)
    _memset_w                                0x080037d5   Thumb Code     0  rt_memclr_w.o(.text)
    __use_two_region_memory                  0x0800381f   Thumb Code     2  heapauxi.o(.text)
    __rt_heap_escrow$2region                 0x08003821   Thumb Code     2  heapauxi.o(.text)
    __rt_heap_expand$2region                 0x08003823   Thumb Code     2  heapauxi.o(.text)
    __I$use$semihosting                      0x08003825   Thumb Code     0  use_no_semi.o(.text)
    __use_no_semihosting_swi                 0x08003825   Thumb Code     2  use_no_semi.o(.text)
    _printf_int_common                       0x08003827   Thumb Code   178  _printf_intcommon.o(.text)
    _printf_char_common                      0x080038e3   Thumb Code    32  _printf_char_common.o(.text)
    _sputc                                   0x08003909   Thumb Code    10  _sputc.o(.text)
    _printf_cs_common                        0x08003913   Thumb Code    20  _printf_char.o(.text)
    _printf_char                             0x08003927   Thumb Code    16  _printf_char.o(.text)
    _printf_string                           0x08003937   Thumb Code     8  _printf_char.o(.text)
    _printf_char_file                        0x08003941   Thumb Code    32  _printf_char_file.o(.text)
    ferror                                   0x08003965   Thumb Code     8  ferror.o(.text)
    __user_setup_stackheap                   0x0800396d   Thumb Code    74  sys_stackheap_outer.o(.text)
    exit                                     0x080039b7   Thumb Code    18  exit.o(.text)
    __user_libspace                          0x080039c9   Thumb Code     8  libspace.o(.text)
    __user_perproc_libspace                  0x080039c9   Thumb Code     0  libspace.o(.text)
    __user_perthread_libspace                0x080039c9   Thumb Code     0  libspace.o(.text)
    __aeabi_d2f                              0x080039d1   Thumb Code     0  d2f.o(x$fpl$d2f)
    _d2f                                     0x080039d1   Thumb Code    98  d2f.o(x$fpl$d2f)
    __fpl_dcmp_Inf                           0x08003a33   Thumb Code    24  dcmpi.o(x$fpl$dcmpinf)
    __aeabi_cdcmple                          0x08003a4d   Thumb Code     0  dleqf.o(x$fpl$dleqf)
    _dcmple                                  0x08003a4d   Thumb Code   120  dleqf.o(x$fpl$dleqf)
    __fpl_dcmple_InfNaN                      0x08003aaf   Thumb Code     0  dleqf.o(x$fpl$dleqf)
    __aeabi_dmul                             0x08003ac5   Thumb Code     0  dmul.o(x$fpl$dmul)
    _dmul                                    0x08003ac5   Thumb Code   332  dmul.o(x$fpl$dmul)
    __fpl_dnaninf                            0x08003c19   Thumb Code   156  dnaninf.o(x$fpl$dnaninf)
    __fpl_dretinf                            0x08003cb5   Thumb Code    12  dretinf.o(x$fpl$dretinf)
    __aeabi_cdrcmple                         0x08003cc1   Thumb Code     0  drleqf.o(x$fpl$drleqf)
    _drcmple                                 0x08003cc1   Thumb Code   108  drleqf.o(x$fpl$drleqf)
    __aeabi_f2d                              0x08003d2d   Thumb Code     0  f2d.o(x$fpl$f2d)
    _f2d                                     0x08003d2d   Thumb Code    86  f2d.o(x$fpl$f2d)
    __fpl_fcmp_Inf                           0x08003d83   Thumb Code    24  fcmpi.o(x$fpl$fcmpinf)
    __aeabi_f2uiz                            0x08003d9d   Thumb Code     0  ffixu.o(x$fpl$ffixu)
    _ffixu                                   0x08003d9d   Thumb Code    62  ffixu.o(x$fpl$ffixu)
    __aeabi_ui2f                             0x08003ddd   Thumb Code     0  fflt_clz.o(x$fpl$ffltu)
    _ffltu                                   0x08003ddd   Thumb Code    38  fflt_clz.o(x$fpl$ffltu)
    __aeabi_cfcmple                          0x08003e05   Thumb Code     0  fleqf.o(x$fpl$fleqf)
    _fcmple                                  0x08003e05   Thumb Code   104  fleqf.o(x$fpl$fleqf)
    __fpl_fcmple_InfNaN                      0x08003e57   Thumb Code     0  fleqf.o(x$fpl$fleqf)
    __fpl_fnaninf                            0x08003e6d   Thumb Code   140  fnaninf.o(x$fpl$fnaninf)
    __fpl_fretinf                            0x08003ef9   Thumb Code    10  fretinf.o(x$fpl$fretinf)
    __I$use$fp                               0x08003f02   Number         0  usenofp.o(x$fpl$usenofp)
    Region$$Table$$Base                      0x08003f04   Number         0  anon$$obj.o(Region$$Table)
    Region$$Table$$Limit                     0x08003f24   Number         0  anon$$obj.o(Region$$Table)
    USART_RX_STA1                            0x20000000   Data           1  stm32f10x_it.o(.data)
    USART_RX_CNT                             0x20000002   Data           2  stm32f10x_it.o(.data)
    SystemCoreClock                          0x20000004   Data           4  system_stm32f10x.o(.data)
    AHBPrescTable                            0x20000008   Data          16  system_stm32f10x.o(.data)
    Data_Array_Dht11                         0x20000018   Data           5  main.o(.data)
    adcx                                     0x2000001e   Data           2  main.o(.data)
    temp                                     0x20000020   Data           4  main.o(.data)
    temp_fan                                 0x20000024   Data           4  main.o(.data)
    temp_int                                 0x20000028   Data           2  main.o(.data)
    temp_first                               0x2000002a   Data           2  main.o(.data)
    temp_second                              0x2000002c   Data           2  main.o(.data)
    window_sta                               0x2000002e   Data           1  main.o(.data)
    beep_sta                                 0x2000002f   Data           1  main.o(.data)
    I2c_Write                                0x20000030   Data         256  main.o(.data)
    hw_jsm                                   0x20000130   Data           4  hwjs.o(.data)
    hw_jsbz                                  0x20000134   Data           1  hwjs.o(.data)
    Data_Array                               0x20000135   Data           4  hwjs.o(.data)
    Angle                                    0x20000140   Data           8  servo.o(.data)
    num                                      0x20000148   Data           1  servo.o(.data)
    __stdout                                 0x20000160   Data           4  usart.o(.data)
    USART_RX_BUF                             0x20000938   Data         200  stm32f10x_it.o(.bss)
    __libspace_start                         0x20000a00   Data          96  libspace.o(.bss)
    __temporary_stack_top$libspace           0x20000a60   Data           0  libspace.o(.bss)



==============================================================================

Memory Map of the image

  Image Entry point : 0x08000131

  Load Region LR_IROM1 (Base: 0x08000000, Size: 0x0000408c, Max: 0x00080000, ABSOLUTE, COMPRESSED[0x00003f4c])

    Execution Region ER_IROM1 (Exec base: 0x08000000, Load base: 0x08000000, Size: 0x00003f24, Max: 0x00080000, ABSOLUTE)

    Exec Addr    Load Addr    Size         Type   Attr      Idx    E Section Name        Object

    0x08000000   0x08000000   0x00000130   Data   RO          378    RESET               startup_stm32f10x_hd.o
    0x08000130   0x08000130   0x00000008   Code   RO          800  * !!!main             c_w.l(__main.o)
    0x08000138   0x08000138   0x00000034   Code   RO         1009    !!!scatter          c_w.l(__scatter.o)
    0x0800016c   0x0800016c   0x0000005a   Code   RO         1007    !!dczerorl2         c_w.l(__dczerorl2.o)
    0x080001c6   0x080001c6   0x00000002   PAD
    0x080001c8   0x080001c8   0x0000001c   Code   RO         1011    !!handler_zi        c_w.l(__scatter_zi.o)
    0x080001e4   0x080001e4   0x00000000   Code   RO          795    .ARM.Collect$$_printf_percent$$00000000  c_w.l(_printf_percent.o)
    0x080001e4   0x080001e4   0x00000006   Code   RO          794    .ARM.Collect$$_printf_percent$$00000009  c_w.l(_printf_d.o)
    0x080001ea   0x080001ea   0x00000006   Code   RO          793    .ARM.Collect$$_printf_percent$$00000014  c_w.l(_printf_s.o)
    0x080001f0   0x080001f0   0x00000004   Code   RO          835    .ARM.Collect$$_printf_percent$$00000017  c_w.l(_printf_percent_end.o)
    0x080001f4   0x080001f4   0x00000002   Code   RO          881    .ARM.Collect$$libinit$$00000000  c_w.l(libinit.o)
    0x080001f6   0x080001f6   0x00000000   Code   RO          888    .ARM.Collect$$libinit$$00000002  c_w.l(libinit2.o)
    0x080001f6   0x080001f6   0x00000000   Code   RO          890    .ARM.Collect$$libinit$$00000004  c_w.l(libinit2.o)
    0x080001f6   0x080001f6   0x00000000   Code   RO          893    .ARM.Collect$$libinit$$0000000A  c_w.l(libinit2.o)
    0x080001f6   0x080001f6   0x00000000   Code   RO          895    .ARM.Collect$$libinit$$0000000C  c_w.l(libinit2.o)
    0x080001f6   0x080001f6   0x00000000   Code   RO          897    .ARM.Collect$$libinit$$0000000E  c_w.l(libinit2.o)
    0x080001f6   0x080001f6   0x00000000   Code   RO          900    .ARM.Collect$$libinit$$00000011  c_w.l(libinit2.o)
    0x080001f6   0x080001f6   0x00000000   Code   RO          902    .ARM.Collect$$libinit$$00000013  c_w.l(libinit2.o)
    0x080001f6   0x080001f6   0x00000000   Code   RO          904    .ARM.Collect$$libinit$$00000015  c_w.l(libinit2.o)
    0x080001f6   0x080001f6   0x00000000   Code   RO          906    .ARM.Collect$$libinit$$00000017  c_w.l(libinit2.o)
    0x080001f6   0x080001f6   0x00000000   Code   RO          908    .ARM.Collect$$libinit$$00000019  c_w.l(libinit2.o)
    0x080001f6   0x080001f6   0x00000000   Code   RO          910    .ARM.Collect$$libinit$$0000001B  c_w.l(libinit2.o)
    0x080001f6   0x080001f6   0x00000000   Code   RO          912    .ARM.Collect$$libinit$$0000001D  c_w.l(libinit2.o)
    0x080001f6   0x080001f6   0x00000000   Code   RO          914    .ARM.Collect$$libinit$$0000001F  c_w.l(libinit2.o)
    0x080001f6   0x080001f6   0x00000000   Code   RO          916    .ARM.Collect$$libinit$$00000021  c_w.l(libinit2.o)
    0x080001f6   0x080001f6   0x00000000   Code   RO          918    .ARM.Collect$$libinit$$00000023  c_w.l(libinit2.o)
    0x080001f6   0x080001f6   0x00000000   Code   RO          920    .ARM.Collect$$libinit$$00000025  c_w.l(libinit2.o)
    0x080001f6   0x080001f6   0x00000000   Code   RO          924    .ARM.Collect$$libinit$$0000002C  c_w.l(libinit2.o)
    0x080001f6   0x080001f6   0x00000000   Code   RO          926    .ARM.Collect$$libinit$$0000002E  c_w.l(libinit2.o)
    0x080001f6   0x080001f6   0x00000000   Code   RO          928    .ARM.Collect$$libinit$$00000030  c_w.l(libinit2.o)
    0x080001f6   0x080001f6   0x00000000   Code   RO          930    .ARM.Collect$$libinit$$00000032  c_w.l(libinit2.o)
    0x080001f6   0x080001f6   0x00000002   Code   RO          931    .ARM.Collect$$libinit$$00000033  c_w.l(libinit2.o)
    0x080001f8   0x080001f8   0x00000002   Code   RO          949    .ARM.Collect$$libshutdown$$00000000  c_w.l(libshutdown.o)
    0x080001fa   0x080001fa   0x00000000   Code   RO          959    .ARM.Collect$$libshutdown$$00000002  c_w.l(libshutdown2.o)
    0x080001fa   0x080001fa   0x00000000   Code   RO          961    .ARM.Collect$$libshutdown$$00000004  c_w.l(libshutdown2.o)
    0x080001fa   0x080001fa   0x00000000   Code   RO          964    .ARM.Collect$$libshutdown$$00000007  c_w.l(libshutdown2.o)
    0x080001fa   0x080001fa   0x00000000   Code   RO          967    .ARM.Collect$$libshutdown$$0000000A  c_w.l(libshutdown2.o)
    0x080001fa   0x080001fa   0x00000000   Code   RO          969    .ARM.Collect$$libshutdown$$0000000C  c_w.l(libshutdown2.o)
    0x080001fa   0x080001fa   0x00000000   Code   RO          972    .ARM.Collect$$libshutdown$$0000000F  c_w.l(libshutdown2.o)
    0x080001fa   0x080001fa   0x00000002   Code   RO          973    .ARM.Collect$$libshutdown$$00000010  c_w.l(libshutdown2.o)
    0x080001fc   0x080001fc   0x00000000   Code   RO          824    .ARM.Collect$$rtentry$$00000000  c_w.l(__rtentry.o)
    0x080001fc   0x080001fc   0x00000000   Code   RO          850    .ARM.Collect$$rtentry$$00000002  c_w.l(__rtentry2.o)
    0x080001fc   0x080001fc   0x00000006   Code   RO          862    .ARM.Collect$$rtentry$$00000004  c_w.l(__rtentry4.o)
    0x08000202   0x08000202   0x00000000   Code   RO          852    .ARM.Collect$$rtentry$$00000009  c_w.l(__rtentry2.o)
    0x08000202   0x08000202   0x00000004   Code   RO          853    .ARM.Collect$$rtentry$$0000000A  c_w.l(__rtentry2.o)
    0x08000206   0x08000206   0x00000000   Code   RO          855    .ARM.Collect$$rtentry$$0000000C  c_w.l(__rtentry2.o)
    0x08000206   0x08000206   0x00000008   Code   RO          856    .ARM.Collect$$rtentry$$0000000D  c_w.l(__rtentry2.o)
    0x0800020e   0x0800020e   0x00000002   Code   RO          885    .ARM.Collect$$rtexit$$00000000  c_w.l(rtexit.o)
    0x08000210   0x08000210   0x00000000   Code   RO          933    .ARM.Collect$$rtexit$$00000002  c_w.l(rtexit2.o)
    0x08000210   0x08000210   0x00000004   Code   RO          934    .ARM.Collect$$rtexit$$00000003  c_w.l(rtexit2.o)
    0x08000214   0x08000214   0x00000006   Code   RO          935    .ARM.Collect$$rtexit$$00000004  c_w.l(rtexit2.o)
    0x0800021a   0x0800021a   0x00000002   PAD
    0x0800021c   0x0800021c   0x00000180   Code   RO            1    .text               stm32f10x_it.o
    0x0800039c   0x0800039c   0x000001e0   Code   RO           78    .text               system_stm32f10x.o
    0x0800057c   0x0800057c   0x0000018c   Code   RO           96    .text               usart2.o
    0x08000708   0x08000708   0x00000064   Code   RO          108    .text               function.o
    0x0800076c   0x0800076c   0x00000254   Code   RO          133    .text               main.o
    0x080009c0   0x080009c0   0x00000038   Code   RO          213    .text               led.o
    0x080009f8   0x080009f8   0x00000174   Code   RO          225    .text               adc.o
    0x08000b6c   0x08000b6c   0x00000174   Code   RO          239    .text               general.o
    0x08000ce0   0x08000ce0   0x000000a4   Code   RO          251    .text               hwjs.o
    0x08000d84   0x08000d84   0x0000009c   Code   RO          269    .text               beep.o
    0x08000e20   0x08000e20   0x000000fc   Code   RO          281    .text               systick.o
    0x08000f1c   0x08000f1c   0x00000106   Code   RO          299    .text               bsp_i2c_ee.o
    0x08001022   0x08001022   0x00000002   PAD
    0x08001024   0x08001024   0x00000208   Code   RO          311    .text               bsp_i2c_gpio.o
    0x0800122c   0x0800122c   0x00000168   Code   RO          323    .text               dht11.o
    0x08001394   0x08001394   0x000000d8   Code   RO          335    .text               servo.o
    0x0800146c   0x0800146c   0x000000b8   Code   RO          350    .text               timer.o
    0x08001524   0x08001524   0x00000040   Code   RO          379    .text               startup_stm32f10x_hd.o
    0x08001564   0x08001564   0x000000dc   Code   RO          383    .text               misc.o
    0x08001640   0x08001640   0x0000044e   Code   RO          395    .text               stm32f10x_adc.o
    0x08001a8e   0x08001a8e   0x00000002   PAD
    0x08001a90   0x08001a90   0x0000011c   Code   RO          509    .text               stm32f10x_exti.o
    0x08001bac   0x08001bac   0x0000035c   Code   RO          551    .text               stm32f10x_gpio.o
    0x08001f08   0x08001f08   0x000003a4   Code   RO          608    .text               stm32f10x_rcc.o
    0x080022ac   0x080022ac   0x00000e1a   Code   RO          667    .text               stm32f10x_tim.o
    0x080030c6   0x080030c6   0x00000002   PAD
    0x080030c8   0x080030c8   0x00000408   Code   RO          679    .text               stm32f10x_usart.o
    0x080034d0   0x080034d0   0x000000a8   Code   RO          706    .text               usart.o
    0x08003578   0x08003578   0x0000000c   Code   RO          729    .text               sys.o
    0x08003584   0x08003584   0x000000d4   Code   RO          741    .text               delay.o
    0x08003658   0x08003658   0x00000002   Code   RO          757    .text               c_w.l(use_no_semi_2.o)
    0x0800365a   0x0800365a   0x00000002   PAD
    0x0800365c   0x0800365c   0x00000018   Code   RO          763    .text               c_w.l(noretval__2printf.o)
    0x08003674   0x08003674   0x00000028   Code   RO          765    .text               c_w.l(noretval__2sprintf.o)
    0x0800369c   0x0800369c   0x00000068   Code   RO          767    .text               c_w.l(__printf.o)
    0x08003704   0x08003704   0x00000052   Code   RO          769    .text               c_w.l(_printf_str.o)
    0x08003756   0x08003756   0x00000002   PAD
    0x08003758   0x08003758   0x00000078   Code   RO          771    .text               c_w.l(_printf_dec.o)
    0x080037d0   0x080037d0   0x0000004e   Code   RO          796    .text               c_w.l(rt_memclr_w.o)
    0x0800381e   0x0800381e   0x00000006   Code   RO          798    .text               c_w.l(heapauxi.o)
    0x08003824   0x08003824   0x00000002   Code   RO          822    .text               c_w.l(use_no_semi.o)
    0x08003826   0x08003826   0x000000b2   Code   RO          825    .text               c_w.l(_printf_intcommon.o)
    0x080038d8   0x080038d8   0x00000030   Code   RO          827    .text               c_w.l(_printf_char_common.o)
    0x08003908   0x08003908   0x0000000a   Code   RO          829    .text               c_w.l(_sputc.o)
    0x08003912   0x08003912   0x0000002c   Code   RO          831    .text               c_w.l(_printf_char.o)
    0x0800393e   0x0800393e   0x00000002   PAD
    0x08003940   0x08003940   0x00000024   Code   RO          833    .text               c_w.l(_printf_char_file.o)
    0x08003964   0x08003964   0x00000008   Code   RO          866    .text               c_w.l(ferror.o)
    0x0800396c   0x0800396c   0x0000004a   Code   RO          872    .text               c_w.l(sys_stackheap_outer.o)
    0x080039b6   0x080039b6   0x00000012   Code   RO          874    .text               c_w.l(exit.o)
    0x080039c8   0x080039c8   0x00000008   Code   RO          882    .text               c_w.l(libspace.o)
    0x080039d0   0x080039d0   0x00000062   Code   RO          802    x$fpl$d2f           fz_ws.l(d2f.o)
    0x08003a32   0x08003a32   0x00000018   Code   RO          870    x$fpl$dcmpinf       fz_ws.l(dcmpi.o)
    0x08003a4a   0x08003a4a   0x00000002   PAD
    0x08003a4c   0x08003a4c   0x00000078   Code   RO          836    x$fpl$dleqf         fz_ws.l(dleqf.o)
    0x08003ac4   0x08003ac4   0x00000154   Code   RO          804    x$fpl$dmul          fz_ws.l(dmul.o)
    0x08003c18   0x08003c18   0x0000009c   Code   RO          838    x$fpl$dnaninf       fz_ws.l(dnaninf.o)
    0x08003cb4   0x08003cb4   0x0000000c   Code   RO          840    x$fpl$dretinf       fz_ws.l(dretinf.o)
    0x08003cc0   0x08003cc0   0x0000006c   Code   RO          806    x$fpl$drleqf        fz_ws.l(drleqf.o)
    0x08003d2c   0x08003d2c   0x00000056   Code   RO          808    x$fpl$f2d           fz_ws.l(f2d.o)
    0x08003d82   0x08003d82   0x00000018   Code   RO          842    x$fpl$fcmpinf       fz_ws.l(fcmpi.o)
    0x08003d9a   0x08003d9a   0x00000002   PAD
    0x08003d9c   0x08003d9c   0x0000003e   Code   RO          810    x$fpl$ffixu         fz_ws.l(ffixu.o)
    0x08003dda   0x08003dda   0x00000002   PAD
    0x08003ddc   0x08003ddc   0x00000026   Code   RO          814    x$fpl$ffltu         fz_ws.l(fflt_clz.o)
    0x08003e02   0x08003e02   0x00000002   PAD
    0x08003e04   0x08003e04   0x00000068   Code   RO          820    x$fpl$fleqf         fz_ws.l(fleqf.o)
    0x08003e6c   0x08003e6c   0x0000008c   Code   RO          844    x$fpl$fnaninf       fz_ws.l(fnaninf.o)
    0x08003ef8   0x08003ef8   0x0000000a   Code   RO          846    x$fpl$fretinf       fz_ws.l(fretinf.o)
    0x08003f02   0x08003f02   0x00000000   Code   RO          848    x$fpl$usenofp       fz_ws.l(usenofp.o)
    0x08003f02   0x08003f02   0x00000002   PAD
    0x08003f04   0x08003f04   0x00000020   Data   RO         1005    Region$$Table       anon$$obj.o


    Execution Region RW_IRAM1 (Exec base: 0x20000000, Load base: 0x08003f24, Size: 0x00001060, Max: 0x00010000, ABSOLUTE, COMPRESSED[0x00000028])

    Exec Addr    Load Addr    Size         Type   Attr      Idx    E Section Name        Object

    0x20000000   COMPRESSED   0x00000004   Data   RW            3    .data               stm32f10x_it.o
    0x20000004   COMPRESSED   0x00000014   Data   RW           79    .data               system_stm32f10x.o
    0x20000018   COMPRESSED   0x00000118   Data   RW          135    .data               main.o
    0x20000130   COMPRESSED   0x00000009   Data   RW          252    .data               hwjs.o
    0x20000139   COMPRESSED   0x00000003   PAD
    0x2000013c   COMPRESSED   0x00000004   Data   RW          282    .data               systick.o
    0x20000140   COMPRESSED   0x00000009   Data   RW          336    .data               servo.o
    0x20000149   COMPRESSED   0x00000014   Data   RW          609    .data               stm32f10x_rcc.o
    0x2000015d   COMPRESSED   0x00000003   PAD
    0x20000160   COMPRESSED   0x00000004   Data   RW          708    .data               usart.o
    0x20000164   COMPRESSED   0x00000004   Data   RW          742    .data               delay.o
    0x20000168        -       0x00000898   Zero   RW            2    .bss                stm32f10x_it.o
    0x20000a00        -       0x00000060   Zero   RW          883    .bss                c_w.l(libspace.o)
    0x20000a60        -       0x00000200   Zero   RW          377    HEAP                startup_stm32f10x_hd.o
    0x20000c60        -       0x00000400   Zero   RW          376    STACK               startup_stm32f10x_hd.o


==============================================================================

Image component sizes


      Code (inc. data)   RO Data    RW Data    ZI Data      Debug   Object Name

       372         18          0          0          0       1301   adc.o
       156          6          0          0          0        948   beep.o
       262          0          0          0          0       1848   bsp_i2c_ee.o
       520          4          0          0          0       2016   bsp_i2c_gpio.o
         0          0          0          0          0         32   core_cm3.o
       212         18          0          4          0       1091   delay.o
       360          6          0          0          0       1768   dht11.o
       100         16          0          0          0        556   function.o
       372         12          0          0          0       1225   general.o
       164          4          0          9          0       1408   hwjs.o
        56          6          0          0          0        479   led.o
       596        110          0        280          0     239622   main.o
       220         22          0          0          0       1857   misc.o
       216         10          0          9          0       1471   servo.o
        64         26        304          0       1536        808   startup_stm32f10x_hd.o
      1102         26          0          0          0      11097   stm32f10x_adc.o
       284         10          0          0          0       2311   stm32f10x_exti.o
       860         38          0          0          0       5789   stm32f10x_gpio.o
       384         38          0          4       2200     239183   stm32f10x_it.o
       932         36          0         20          0       8996   stm32f10x_rcc.o
      3610         88          0          0          0      22896   stm32f10x_tim.o
      1032         22          0          0          0       8516   stm32f10x_usart.o
        12          0          0          0          0        481   sys.o
       480         38          0         20          0       1831   system_stm32f10x.o
       252         20          0          4          0       2153   systick.o
       184         10          0          0          0        856   timer.o
       168         10          0          4          0       2796   usart.o
       396         10          0          0          0       2319   usart2.o

    ----------------------------------------------------------------------
     13372        604        336        360       3736     565654   Object Totals
         0          0         32          0          0          0   (incl. Generated)
         6          0          0          6          0          0   (incl. Padding)

    ----------------------------------------------------------------------

      Code (inc. data)   RO Data    RW Data    ZI Data      Debug   Library Member Name

        90          0          0          0          0          0   __dczerorl2.o
         8          0          0          0          0         68   __main.o
       104          0          0          0          0         84   __printf.o
         0          0          0          0          0          0   __rtentry.o
        12          0          0          0          0          0   __rtentry2.o
         6          0          0          0          0          0   __rtentry4.o
        52          8          0          0          0          0   __scatter.o
        28          0          0          0          0          0   __scatter_zi.o
        44          0          0          0          0        108   _printf_char.o
        48          6          0          0          0         96   _printf_char_common.o
        36          4          0          0          0         80   _printf_char_file.o
         6          0          0          0          0          0   _printf_d.o
       120         16          0          0          0         92   _printf_dec.o
       178          0          0          0          0         88   _printf_intcommon.o
         0          0          0          0          0          0   _printf_percent.o
         4          0          0          0          0          0   _printf_percent_end.o
         6          0          0          0          0          0   _printf_s.o
        82          0          0          0          0         80   _printf_str.o
        10          0          0          0          0         68   _sputc.o
        18          0          0          0          0         80   exit.o
         8          0          0          0          0         68   ferror.o
         6          0          0          0          0        152   heapauxi.o
         2          0          0          0          0          0   libinit.o
         2          0          0          0          0          0   libinit2.o
         2          0          0          0          0          0   libshutdown.o
         2          0          0          0          0          0   libshutdown2.o
         8          4          0          0         96         68   libspace.o
        24          4          0          0          0         84   noretval__2printf.o
        40          6          0          0          0         84   noretval__2sprintf.o
        78          0          0          0          0         80   rt_memclr_w.o
         2          0          0          0          0          0   rtexit.o
        10          0          0          0          0          0   rtexit2.o
        74          0          0          0          0         80   sys_stackheap_outer.o
         2          0          0          0          0         68   use_no_semi.o
         2          0          0          0          0         68   use_no_semi_2.o
        98          4          0          0          0         92   d2f.o
        24          0          0          0          0         68   dcmpi.o
       120          4          0          0          0         92   dleqf.o
       340         12          0          0          0        104   dmul.o
       156          4          0          0          0         92   dnaninf.o
        12          0          0          0          0         68   dretinf.o
       108          0          0          0          0         80   drleqf.o
        86          4          0          0          0         84   f2d.o
        24          0          0          0          0         68   fcmpi.o
        62          4          0          0          0         84   ffixu.o
        38          0          0          0          0         68   fflt_clz.o
       104          4          0          0          0         84   fleqf.o
       140          4          0          0          0         84   fnaninf.o
        10          0          0          0          0         68   fretinf.o
         0          0          0          0          0          0   usenofp.o

    ----------------------------------------------------------------------
      2456         88          0          0         96       2732   Library Totals
        20          0          0          0          0          0   (incl. Padding)

    ----------------------------------------------------------------------

      Code (inc. data)   RO Data    RW Data    ZI Data      Debug   Library Name

      1114         48          0          0         96       1596   c_w.l
      1322         40          0          0          0       1136   fz_ws.l

    ----------------------------------------------------------------------
      2456         88          0          0         96       2732   Library Totals

    ----------------------------------------------------------------------

==============================================================================


      Code (inc. data)   RO Data    RW Data    ZI Data      Debug   

     15828        692        336        360       3832     564742   Grand Totals
     15828        692        336         40       3832     564742   ELF Image Totals (compressed)
     15828        692        336         40          0          0   ROM Totals

==============================================================================

    Total RO  Size (Code + RO Data)                16164 (  15.79kB)
    Total RW  Size (RW Data + ZI Data)              4192 (   4.09kB)
    Total ROM Size (Code + RO Data + RW Data)      16204 (  15.82kB)

==============================================================================

